[2025-11-04 10:36:42] INFO: ✓ Acceso JWT exitoso - Usuario: superadmin (ID: 1) | Roles: [Administrador]
[2025-11-04 10:36:42] INFO: ✓ Acceso JWT exitoso - Usuario: superadmin (ID: 1) | Roles: [Administrador]
[2025-11-04 10:36:42] INFO: Verificación de acceso exitosa
[2025-11-04 10:36:42] INFO: ✓ Acceso JWT exitoso - Usuario: superadmin (ID: 1) | Roles: [Administrador]
[2025-11-04 10:36:42] INFO: ✓ Acceso JWT exitoso - Usuario: superadmin (ID: 1) | Roles: [Administrador]
[2025-11-04 10:36:42] INFO: ✓ Acceso JWT exitoso - Usuario: superadmin (ID: 1) | Roles: [Administrador]
[2025-11-04 10:36:42] INFO: ✓ Acceso JWT exitoso - Usuario: superadmin (ID: 1) | Roles: [Administrador]
[2025-11-04 10:36:42] INFO: Verificación de acceso exitosa
[2025-11-04 10:36:42] INFO: ✓ Acceso JWT exitoso - Usuario: superadmin (ID: 1) | Roles: [Administrador]
[2025-11-04 10:36:42] INFO: Verificación de acceso exitosa
[2025-11-04 10:36:42] INFO: ✓ Acceso JWT exitoso - Usuario: superadmin (ID: 1) | Roles: [Administrador]
[2025-11-04 10:36:42] INFO: Verificación de acceso exitosa
[2025-11-04 10:36:42] ERROR: Archivo de logs no encontrado
[2025-11-04 10:36:42] ERROR: Error en 
[2025-11-04 10:36:42] INFO: ✓ Acceso JWT exitoso - Usuario: superadmin (ID: 1) | Roles: [Administrador]
[2025-11-04 10:36:42] INFO: ✓ Acceso JWT exitoso - Usuario: superadmin (ID: 1) | Roles: [Administrador]
[2025-11-04 10:36:42] INFO: Verificación de acceso exitosa
[2025-11-04 10:36:42] ERROR: Archivo de logs no encontrado
[2025-11-04 10:36:42] ERROR: Error en 
[2025-11-04 10:36:42] INFO: ✓ Acceso JWT exitoso - Usuario: superadmin (ID: 1) | Roles: [Administrador]
[2025-11-04 10:36:42] INFO: ✓ Acceso JWT exitoso - Usuario: superadmin (ID: 1) | Roles: [Administrador]
[2025-11-04 10:36:42] INFO: ✓ Acceso JWT exitoso - Usuario: superadmin (ID: 1) | Roles: [Administrador]
[2025-11-04 10:36:42] INFO: Verificación de acceso exitosa
[2025-11-04 10:36:42] INFO: ✓ Acceso JWT exitoso - Usuario: superadmin (ID: 1) | Roles: [Administrador]
[2025-11-04 10:36:42] INFO: Verificación de acceso exitosa
[2025-11-04 10:36:42] INFO: ✓ Acceso JWT exitoso - Usuario: superadmin (ID: 1) | Roles: [Administrador]
[2025-11-04 10:36:42] INFO: ✓ Acceso JWT exitoso - Usuario: superadmin (ID: 1) | Roles: [Administrador]
[2025-11-04 10:36:42] INFO: Verificación de acceso exitosa
[2025-11-04 10:36:47] INFO: ✓ Acceso JWT exitoso - Usuario: superadmin (ID: 1) | Roles: [Administrador]
[2025-11-04 10:36:47] INFO: ✓ Acceso JWT exitoso - Usuario: superadmin (ID: 1) | Roles: [Administrador]
[2025-11-04 10:36:47] INFO: ✓ Acceso JWT exitoso - Usuario: superadmin (ID: 1) | Roles: [Administrador]
[2025-11-04 10:36:47] INFO: ✓ Acceso JWT exitoso - Usuario: superadmin (ID: 1) | Roles: [Administrador]
[2025-11-04 10:36:47] INFO: Verificación de acceso exitosa
[2025-11-04 10:36:47] INFO: ✓ Acceso JWT exitoso - Usuario: superadmin (ID: 1) | Roles: [Administrador]
[2025-11-04 10:36:47] INFO: ✓ Acceso JWT exitoso - Usuario: superadmin (ID: 1) | Roles: [Administrador]
[2025-11-04 10:36:47] INFO: Verificación de acceso exitosa
[2025-11-04 10:36:47] INFO: ✓ Acceso JWT exitoso - Usuario: superadmin (ID: 1) | Roles: [Administrador]
[2025-11-04 10:36:47] INFO: ✓ Acceso JWT exitoso - Usuario: superadmin (ID: 1) | Roles: [Administrador]
[2025-11-04 10:36:47] INFO: ✓ Acceso JWT exitoso - Usuario: superadmin (ID: 1) | Roles: [Administrador]
[2025-11-04 10:36:47] INFO: ✓ Acceso JWT exitoso - Usuario: superadmin (ID: 1) | Roles: [Administrador]
[2025-11-04 10:36:47] INFO: Verificación de acceso exitosa
[2025-11-04 10:36:47] INFO: ✓ Acceso JWT exitoso - Usuario: superadmin (ID: 1) | Roles: [Administrador]
[2025-11-04 10:36:47] INFO: ✓ Acceso JWT exitoso - Usuario: superadmin (ID: 1) | Roles: [Administrador]
[2025-11-04 10:36:47] INFO: ✓ Acceso JWT exitoso - Usuario: superadmin (ID: 1) | Roles: [Administrador]
[2025-11-04 10:36:47] INFO: ✓ Acceso JWT exitoso - Usuario: superadmin (ID: 1) | Roles: [Administrador]
[2025-11-04 10:36:47] INFO: Verificación de acceso exitosa
[2025-11-04 10:36:47] INFO: ✓ Acceso JWT exitoso - Usuario: superadmin (ID: 1) | Roles: [Administrador]
[2025-11-04 10:36:47] INFO: ✓ Acceso JWT exitoso - Usuario: superadmin (ID: 1) | Roles: [Administrador]
[2025-11-04 10:36:47] INFO: ✓ Acceso JWT exitoso - Usuario: superadmin (ID: 1) | Roles: [Administrador]
[2025-11-04 10:36:47] INFO: ✓ Acceso JWT exitoso - Usuario: superadmin (ID: 1) | Roles: [Administrador]
[2025-11-04 10:36:47] INFO: Verificación de acceso exitosa
[2025-11-04 10:36:47] INFO: ✓ Acceso JWT exitoso - Usuario: superadmin (ID: 1) | Roles: [Administrador]
[2025-11-04 10:36:47] INFO: ✓ Acceso JWT exitoso - Usuario: superadmin (ID: 1) | Roles: [Administrador]
[2025-11-04 10:36:47] INFO: Verificación de acceso exitosa
[2025-11-04 10:36:47] INFO: ✓ Acceso JWT exitoso - Usuario: superadmin (ID: 1) | Roles: [Administrador]
[2025-11-04 10:36:47] INFO: ✓ Acceso JWT exitoso - Usuario: superadmin (ID: 1) | Roles: [Administrador]
[2025-11-04 10:36:47] INFO: ✓ Acceso JWT exitoso - Usuario: superadmin (ID: 1) | Roles: [Administrador]
[2025-11-04 10:36:47] INFO: ✓ Acceso JWT exitoso - Usuario: superadmin (ID: 1) | Roles: [Administrador]
[2025-11-04 10:36:47] INFO: ✓ Acceso JWT exitoso - Usuario: superadmin (ID: 1) | Roles: [Administrador]
[2025-11-04 10:36:47] INFO: ✓ Acceso JWT exitoso - Usuario: superadmin (ID: 1) | Roles: [Administrador]
[2025-11-04 10:36:47] INFO: Verificación de acceso exitosa
[2025-11-04 10:36:47] INFO: ✓ Acceso JWT exitoso - Usuario: superadmin (ID: 1) | Roles: [Administrador]
[2025-11-04 10:36:47] INFO: ✓ Acceso JWT exitoso - Usuario: superadmin (ID: 1) | Roles: [Administrador]
[2025-11-04 10:36:47] INFO: ✓ Acceso JWT exitoso - Usuario: superadmin (ID: 1) | Roles: [Administrador]
[2025-11-04 10:36:47] INFO: ✓ Acceso JWT exitoso - Usuario: superadmin (ID: 1) | Roles: [Administrador]
[2025-11-04 10:36:47] INFO: Verificación de acceso exitosa
[2025-11-04 10:36:47] INFO: ✓ Acceso JWT exitoso - Usuario: superadmin (ID: 1) | Roles: [Administrador]
[2025-11-04 10:36:47] INFO: ✓ Acceso JWT exitoso - Usuario: superadmin (ID: 1) | Roles: [Administrador]
[2025-11-04 10:36:47] INFO: ✓ Acceso JWT exitoso - Usuario: superadmin (ID: 1) | Roles: [Administrador]
[2025-11-04 10:36:47] INFO: ✓ Acceso JWT exitoso - Usuario: superadmin (ID: 1) | Roles: [Administrador]
[2025-11-04 10:36:47] INFO: Verificación de acceso exitosa
[2025-11-04 10:36:47] INFO: ✓ Acceso JWT exitoso - Usuario: superadmin (ID: 1) | Roles: [Administrador]
[2025-11-04 10:36:47] INFO: ✓ Acceso JWT exitoso - Usuario: superadmin (ID: 1) | Roles: [Administrador]
[2025-11-04 10:36:47] INFO: Verificación de acceso exitosa
[2025-11-04 10:36:48] INFO: ✓ Acceso JWT exitoso - Usuario: superadmin (ID: 1) | Roles: [Administrador]
[2025-11-04 10:36:48] INFO: ✓ Acceso JWT exitoso - Usuario: superadmin (ID: 1) | Roles: [Administrador]
[2025-11-04 10:36:48] INFO: Verificación de acceso exitosa
[2025-11-04 10:36:48] INFO: ✓ Acceso JWT exitoso - Usuario: superadmin (ID: 1) | Roles: [Administrador]
[2025-11-04 10:36:48] INFO: ✓ Acceso JWT exitoso - Usuario: superadmin (ID: 1) | Roles: [Administrador]
[2025-11-04 10:36:48] INFO: Verificación de acceso exitosa
[2025-11-04 10:39:10] INFO: ✓ Acceso JWT exitoso - Usuario: superadmin (ID: 1) | Roles: [Administrador]
[2025-11-04 10:39:10] INFO: ✓ Acceso JWT exitoso - Usuario: superadmin (ID: 1) | Roles: [Administrador]
[2025-11-04 10:39:10] INFO: Verificación de acceso exitosa
[2025-11-04 10:39:10] INFO: ✓ Acceso JWT exitoso - Usuario: superadmin (ID: 1) | Roles: [Administrador]
[2025-11-04 10:39:10] INFO: ✓ Acceso JWT exitoso - Usuario: superadmin (ID: 1) | Roles: [Administrador]
[2025-11-04 10:39:10] INFO: Verificación de acceso exitosa
[2025-11-04 10:40:59] INFO: ✓ Acceso JWT exitoso - Usuario: superadmin (ID: 1) | Roles: [Administrador]
[2025-11-04 10:40:59] INFO: ✓ Acceso JWT exitoso - Usuario: superadmin (ID: 1) | Roles: [Administrador]
[2025-11-04 10:40:59] INFO: Verificación de acceso exitosa
[2025-11-04 10:40:59] INFO: ✓ Acceso JWT exitoso - Usuario: superadmin (ID: 1) | Roles: [Administrador]
[2025-11-04 10:40:59] INFO: ✓ Acceso JWT exitoso - Usuario: superadmin (ID: 1) | Roles: [Administrador]
[2025-11-04 10:40:59] INFO: Verificación de acceso exitosa
[2025-11-04 10:41:05] INFO: ✓ Acceso JWT exitoso - Usuario: superadmin (ID: 1) | Roles: [Administrador]
[2025-11-04 10:41:05] INFO: ✓ Acceso JWT exitoso - Usuario: superadmin (ID: 1) | Roles: [Administrador]
[2025-11-04 10:41:05] INFO: Verificación de acceso exitosa
[2025-11-04 10:41:06] INFO: ✓ Acceso JWT exitoso - Usuario: superadmin (ID: 1) | Roles: [Administrador]
[2025-11-04 10:41:06] INFO: ✓ Acceso JWT exitoso - Usuario: superadmin (ID: 1) | Roles: [Administrador]
[2025-11-04 10:41:06] INFO: Verificación de acceso exitosa
[2025-11-04 10:42:08] INFO: ✓ Acceso JWT exitoso - Usuario: superadmin (ID: 1) | Roles: [Administrador]
[2025-11-04 10:42:08] INFO: ✓ Acceso JWT exitoso - Usuario: superadmin (ID: 1) | Roles: [Administrador]
[2025-11-04 10:42:08] INFO: Verificación de acceso exitosa
[2025-11-04 10:42:08] INFO: ✓ Acceso JWT exitoso - Usuario: superadmin (ID: 1) | Roles: [Administrador]
[2025-11-04 10:42:08] INFO: ✓ Acceso JWT exitoso - Usuario: superadmin (ID: 1) | Roles: [Administrador]
[2025-11-04 10:42:08] INFO: Verificación de acceso exitosa
[2025-11-04 10:44:33] INFO: ✓ Acceso JWT exitoso - Usuario: superadmin (ID: 1) | Roles: [Administrador]
[2025-11-04 10:44:33] INFO: ✓ Acceso JWT exitoso - Usuario: superadmin (ID: 1) | Roles: [Administrador]
[2025-11-04 10:44:33] INFO: Verificación de acceso exitosa
[2025-11-04 10:44:33] INFO: ✓ Acceso JWT exitoso - Usuario: superadmin (ID: 1) | Roles: [Administrador]
[2025-11-04 10:44:33] INFO: ✓ Acceso JWT exitoso - Usuario: superadmin (ID: 1) | Roles: [Administrador]
[2025-11-04 10:44:33] INFO: Verificación de acceso exitosa
[2025-11-04 10:44:43] INFO: ✓ Acceso JWT exitoso - Usuario: superadmin (ID: 1) | Roles: [Administrador]
[2025-11-04 10:44:43] INFO: ✓ Acceso JWT exitoso - Usuario: superadmin (ID: 1) | Roles: [Administrador]
[2025-11-04 10:44:43] INFO: Verificación de acceso exitosa
[2025-11-04 10:44:43] INFO: ✓ Acceso JWT exitoso - Usuario: superadmin (ID: 1) | Roles: [Administrador]
[2025-11-04 10:44:43] INFO: ✓ Acceso JWT exitoso - Usuario: superadmin (ID: 1) | Roles: [Administrador]
[2025-11-04 10:44:43] INFO: Verificación de acceso exitosa
[2025-11-04 10:49:30] INFO: ✓ Acceso JWT exitoso - Usuario: superadmin (ID: 1) | Roles: [Administrador]
[2025-11-04 10:49:30] INFO: ✓ Acceso JWT exitoso - Usuario: superadmin (ID: 1) | Roles: [Administrador]
[2025-11-04 10:49:30] INFO: Verificación de acceso exitosa
[2025-11-04 10:51:01] INFO: ✓ Acceso JWT exitoso - Usuario: superadmin (ID: 1) | Roles: [Administrador]
[2025-11-04 10:51:01] INFO: ✓ Acceso JWT exitoso - Usuario: superadmin (ID: 1) | Roles: [Administrador]
[2025-11-04 10:51:01] INFO: Verificación de acceso exitosa
[2025-11-04 10:55:25] INFO: ✓ Acceso JWT exitoso - Usuario: superadmin (ID: 1) | Roles: [Administrador]
[2025-11-04 10:55:25] INFO: ✓ Acceso JWT exitoso - Usuario: superadmin (ID: 1) | Roles: [Administrador]
[2025-11-04 10:55:25] INFO: Verificación de acceso exitosa
[2025-11-04 10:57:12] INFO: ✓ Acceso JWT exitoso - Usuario: superadmin (ID: 1) | Roles: [Administrador]
[2025-11-04 10:57:12] INFO: ✓ Acceso JWT exitoso - Usuario: superadmin (ID: 1) | Roles: [Administrador]
[2025-11-04 10:57:12] INFO: Verificación de acceso exitosa
[2025-11-04 10:57:43] INFO: ✓ Acceso JWT exitoso - Usuario: superadmin (ID: 1) | Roles: [Administrador]
[2025-11-04 10:57:43] INFO: ✓ Acceso JWT exitoso - Usuario: superadmin (ID: 1) | Roles: [Administrador]
[2025-11-04 10:57:43] INFO: Verificación de acceso exitosa
[2025-11-04 11:02:22] INFO: ✓ Acceso JWT exitoso - Usuario: superadmin (ID: 1) | Roles: [Administrador]
[2025-11-04 11:02:22] INFO: ✓ Acceso JWT exitoso - Usuario: superadmin (ID: 1) | Roles: [Administrador]
[2025-11-04 11:02:22] INFO: Verificación de acceso exitosa
[2025-11-04 11:04:21] INFO: ✓ Acceso JWT exitoso - Usuario: superadmin (ID: 1) | Roles: [Administrador]
[2025-11-04 11:04:21] INFO: ✓ Acceso JWT exitoso - Usuario: superadmin (ID: 1) | Roles: [Administrador]
[2025-11-04 11:04:21] INFO: Verificación de acceso exitosa
[2025-11-04 11:04:41] INFO: ✓ Acceso JWT exitoso - Usuario: superadmin (ID: 1) | Roles: [Administrador]
[2025-11-04 11:04:41] INFO: ✓ Acceso JWT exitoso - Usuario: superadmin (ID: 1) | Roles: [Administrador]
[2025-11-04 11:04:41] INFO: Verificación de acceso exitosa
[2025-11-04 11:05:52] INFO: ✓ Acceso JWT exitoso - Usuario: superadmin (ID: 1) | Roles: [Administrador]
[2025-11-04 11:05:52] INFO: ✓ Acceso JWT exitoso - Usuario: superadmin (ID: 1) | Roles: [Administrador]
[2025-11-04 11:05:52] INFO: Verificación de acceso exitosa
[2025-11-04 11:07:20] INFO: ✓ Acceso JWT exitoso - Usuario: superadmin (ID: 1) | Roles: [Administrador]
[2025-11-04 11:07:20] INFO: ✓ Acceso JWT exitoso - Usuario: superadmin (ID: 1) | Roles: [Administrador]
[2025-11-04 11:07:20] INFO: Verificación de acceso exitosa
[2025-11-04 11:10:01] INFO: ✓ Acceso JWT exitoso - Usuario: superadmin (ID: 1) | Roles: [Administrador]
[2025-11-04 11:10:01] INFO: ✓ Acceso JWT exitoso - Usuario: superadmin (ID: 1) | Roles: [Administrador]
[2025-11-04 11:10:01] INFO: Verificación de acceso exitosa
[2025-11-04 11:10:54] INFO: ✓ Acceso JWT exitoso - Usuario: superadmin (ID: 1) | Roles: [Administrador]
[2025-11-04 11:10:54] INFO: ✓ Acceso JWT exitoso - Usuario: superadmin (ID: 1) | Roles: [Administrador]
[2025-11-04 11:10:54] INFO: Verificación de acceso exitosa
[2025-11-04 11:11:07] INFO: ✓ Acceso JWT exitoso - Usuario: superadmin (ID: 1) | Roles: [Administrador]
[2025-11-04 11:11:07] INFO: ✓ Acceso JWT exitoso - Usuario: superadmin (ID: 1) | Roles: [Administrador]
[2025-11-04 11:11:07] INFO: Verificación de acceso exitosa
[2025-11-04 11:15:33] INFO: ✓ Acceso JWT exitoso - Usuario: superadmin (ID: 1) | Roles: [Administrador]
[2025-11-04 11:15:33] INFO: ✓ Acceso JWT exitoso - Usuario: superadmin (ID: 1) | Roles: [Administrador]
[2025-11-04 11:15:33] INFO: Verificación de acceso exitosa
[2025-11-04 11:18:28] INFO: ✓ Acceso JWT exitoso - Usuario: superadmin (ID: 1) | Roles: [Administrador]
[2025-11-04 11:18:28] INFO: ✓ Acceso JWT exitoso - Usuario: superadmin (ID: 1) | Roles: [Administrador]
[2025-11-04 11:18:28] INFO: Verificación de acceso exitosa
[2025-11-04 11:18:28] INFO: ✓ Acceso JWT exitoso - Usuario: superadmin (ID: 1) | Roles: [Administrador]
[2025-11-04 11:18:28] INFO: ✓ Acceso JWT exitoso - Usuario: superadmin (ID: 1) | Roles: [Administrador]
[2025-11-04 11:18:28] INFO: Verificación de acceso exitosa
[2025-11-04 11:18:28] INFO: ✓ Acceso JWT exitoso - Usuario: superadmin (ID: 1) | Roles: [Administrador]
[2025-11-04 11:18:28] INFO: ✓ Acceso JWT exitoso - Usuario: superadmin (ID: 1) | Roles: [Administrador]
[2025-11-04 11:18:28] INFO: Verificación de acceso exitosa
[2025-11-04 11:18:28] INFO: ✓ Acceso JWT exitoso - Usuario: superadmin (ID: 1) | Roles: [Administrador]
[2025-11-04 11:18:28] INFO: ✓ Acceso JWT exitoso - Usuario: superadmin (ID: 1) | Roles: [Administrador]
[2025-11-04 11:18:28] INFO: Verificación de acceso exitosa
[2025-11-04 11:18:28] INFO: ✓ Acceso JWT exitoso - Usuario: superadmin (ID: 1) | Roles: [Administrador]
[2025-11-04 11:18:28] INFO: ✓ Acceso JWT exitoso - Usuario: superadmin (ID: 1) | Roles: [Administrador]
[2025-11-04 11:18:28] INFO: Verificación de acceso exitosa
[2025-11-04 11:18:28] INFO: ✓ Acceso JWT exitoso - Usuario: superadmin (ID: 1) | Roles: [Administrador]
[2025-11-04 11:18:28] INFO: ✓ Acceso JWT exitoso - Usuario: superadmin (ID: 1) | Roles: [Administrador]
[2025-11-04 11:18:28] INFO: Verificación de acceso exitosa
[2025-11-04 11:19:11] INFO: ✓ Acceso JWT exitoso - Usuario: superadmin (ID: 1) | Roles: [Administrador]
[2025-11-04 11:19:11] INFO: ✓ Acceso JWT exitoso - Usuario: superadmin (ID: 1) | Roles: [Administrador]
[2025-11-04 11:19:11] INFO: Verificación de acceso exitosa
[2025-11-04 11:19:11] INFO: ✓ Acceso JWT exitoso - Usuario: superadmin (ID: 1) | Roles: [Administrador]
[2025-11-04 11:19:11] INFO: ✓ Acceso JWT exitoso - Usuario: superadmin (ID: 1) | Roles: [Administrador]
[2025-11-04 11:19:11] INFO: Verificación de acceso exitosa
[2025-11-04 11:19:11] INFO: ✓ Acceso JWT exitoso - Usuario: superadmin (ID: 1) | Roles: [Administrador]
[2025-11-04 11:19:11] INFO: ✓ Acceso JWT exitoso - Usuario: superadmin (ID: 1) | Roles: [Administrador]
[2025-11-04 11:19:11] INFO: Verificación de acceso exitosa
[2025-11-04 11:19:11] INFO: ✓ Acceso JWT exitoso - Usuario: superadmin (ID: 1) | Roles: [Administrador]
[2025-11-04 11:19:11] INFO: ✓ Acceso JWT exitoso - Usuario: superadmin (ID: 1) | Roles: [Administrador]
[2025-11-04 11:19:11] INFO: Verificación de acceso exitosa
[2025-11-04 11:19:11] INFO: ✓ Acceso JWT exitoso - Usuario: superadmin (ID: 1) | Roles: [Administrador]
[2025-11-04 11:19:11] INFO: ✓ Acceso JWT exitoso - Usuario: superadmin (ID: 1) | Roles: [Administrador]
[2025-11-04 11:19:11] INFO: Verificación de acceso exitosa
[2025-11-04 11:19:11] INFO: ✓ Acceso JWT exitoso - Usuario: superadmin (ID: 1) | Roles: [Administrador]
[2025-11-04 11:19:11] INFO: ✓ Acceso JWT exitoso - Usuario: superadmin (ID: 1) | Roles: [Administrador]
[2025-11-04 11:19:11] INFO: Verificación de acceso exitosa
[2025-11-04 11:19:40] INFO: ✓ Acceso JWT exitoso - Usuario: superadmin (ID: 1) | Roles: [Administrador]
[2025-11-04 11:19:40] INFO: ✓ Acceso JWT exitoso - Usuario: superadmin (ID: 1) | Roles: [Administrador]
[2025-11-04 11:19:40] INFO: Verificación de acceso exitosa
[2025-11-04 11:20:03] INFO: ✓ Acceso JWT exitoso - Usuario: superadmin (ID: 1) | Roles: [Administrador]
[2025-11-04 11:20:03] INFO: ✓ Acceso JWT exitoso - Usuario: superadmin (ID: 1) | Roles: [Administrador]
[2025-11-04 11:20:03] INFO: Verificación de acceso exitosa
[2025-11-04 12:15:18] INFO: ✓ Acceso JWT exitoso - Usuario: superadmin (ID: 1) | Roles: [Administrador]
[2025-11-04 12:15:18] INFO: ✓ Acceso JWT exitoso - Usuario: superadmin (ID: 1) | Roles: [Administrador]
[2025-11-04 12:15:18] INFO: Verificación de acceso exitosa
[2025-11-04 12:15:18] ERROR: Error en 
[2025-11-04 12:15:18] INFO: ✓ Acceso JWT exitoso - Usuario: superadmin (ID: 1) | Roles: [Administrador]
[2025-11-04 12:15:18] INFO: ✓ Acceso JWT exitoso - Usuario: superadmin (ID: 1) | Roles: [Administrador]
[2025-11-04 12:15:18] INFO: Verificación de acceso exitosa
[2025-11-04 12:15:18] ERROR: Error en 
[2025-11-04 13:01:33] INFO: ✓ Acceso JWT exitoso - Usuario: superadmin (ID: 1) | Roles: [Administrador]
[2025-11-04 13:01:33] INFO: ✓ Acceso JWT exitoso - Usuario: superadmin (ID: 1) | Roles: [Administrador]
[2025-11-04 13:01:33] INFO: Verificación de acceso exitosa
[2025-11-04 13:01:33] INFO: ✓ Acceso JWT exitoso - Usuario: superadmin (ID: 1) | Roles: [Administrador]
[2025-11-04 13:01:33] INFO: ✓ Acceso JWT exitoso - Usuario: superadmin (ID: 1) | Roles: [Administrador]
[2025-11-04 13:01:33] INFO: Verificación de acceso exitosa
[2025-11-04 13:01:33] INFO: ✓ Acceso JWT exitoso - Usuario: superadmin (ID: 1) | Roles: [Administrador]
[2025-11-04 13:01:33] INFO: ✓ Acceso JWT exitoso - Usuario: superadmin (ID: 1) | Roles: [Administrador]
[2025-11-04 13:01:33] INFO: Verificación de acceso exitosa
[2025-11-04 13:01:34] INFO: ✓ Acceso JWT exitoso - Usuario: superadmin (ID: 1) | Roles: [Administrador]
[2025-11-04 13:01:34] INFO: ✓ Acceso JWT exitoso - Usuario: superadmin (ID: 1) | Roles: [Administrador]
[2025-11-04 13:01:34] INFO: Verificación de acceso exitosa
[2025-11-04 13:01:34] INFO: ✓ Acceso JWT exitoso - Usuario: superadmin (ID: 1) | Roles: [Administrador]
[2025-11-04 13:01:34] INFO: ✓ Acceso JWT exitoso - Usuario: superadmin (ID: 1) | Roles: [Administrador]
[2025-11-04 13:01:34] INFO: Verificación de acceso exitosa
[2025-11-04 13:01:34] INFO: ✓ Acceso JWT exitoso - Usuario: superadmin (ID: 1) | Roles: [Administrador]
[2025-11-04 13:01:34] INFO: ✓ Acceso JWT exitoso - Usuario: superadmin (ID: 1) | Roles: [Administrador]
[2025-11-04 13:01:34] INFO: Verificación de acceso exitosa
[2025-11-04 13:04:37] INFO: ✓ Acceso JWT exitoso - Usuario: superadmin (ID: 1) | Roles: [Administrador]
[2025-11-04 13:04:37] INFO: ✓ Acceso JWT exitoso - Usuario: superadmin (ID: 1) | Roles: [Administrador]
[2025-11-04 13:04:37] INFO: Verificación de acceso exitosa
[2025-11-04 13:04:37] INFO: ✓ Acceso JWT exitoso - Usuario: superadmin (ID: 1) | Roles: [Administrador]
[2025-11-04 13:04:37] INFO: ✓ Acceso JWT exitoso - Usuario: superadmin (ID: 1) | Roles: [Administrador]
[2025-11-04 13:04:37] INFO: Verificación de acceso exitosa
[2025-11-04 13:07:48] INFO: ✓ Acceso JWT exitoso - Usuario: superadmin (ID: 1) | Roles: [Administrador]
[2025-11-04 13:07:48] INFO: ✓ Acceso JWT exitoso - Usuario: superadmin (ID: 1) | Roles: [Administrador]
[2025-11-04 13:07:48] INFO: ✓ Acceso JWT exitoso - Usuario: superadmin (ID: 1) | Roles: [Administrador]
[2025-11-04 13:07:48] INFO: Verificación de acceso exitosa
[2025-11-04 13:07:48] INFO: ✓ Acceso JWT exitoso - Usuario: superadmin (ID: 1) | Roles: [Administrador]
[2025-11-04 13:07:48] INFO: Verificación de acceso exitosa
[2025-11-04 13:07:48] INFO: ✓ Acceso JWT exitoso - Usuario: superadmin (ID: 1) | Roles: [Administrador]
[2025-11-04 13:07:48] INFO: ✓ Acceso JWT exitoso - Usuario: superadmin (ID: 1) | Roles: [Administrador]
[2025-11-04 13:07:48] INFO: Verificación de acceso exitosa
[2025-11-04 13:07:48] INFO: ✓ Acceso JWT exitoso - Usuario: superadmin (ID: 1) | Roles: [Administrador]
[2025-11-04 13:07:48] INFO: ✓ Acceso JWT exitoso - Usuario: superadmin (ID: 1) | Roles: [Administrador]
[2025-11-04 13:07:48] INFO: Verificación de acceso exitosa
[2025-11-04 13:07:48] INFO: ✓ Acceso JWT exitoso - Usuario: superadmin (ID: 1) | Roles: [Administrador]
[2025-11-04 13:07:48] INFO: ✓ Acceso JWT exitoso - Usuario: superadmin (ID: 1) | Roles: [Administrador]
[2025-11-04 13:07:48] INFO: Verificación de acceso exitosa
[2025-11-04 13:07:48] INFO: ✓ Acceso JWT exitoso - Usuario: superadmin (ID: 1) | Roles: [Administrador]
[2025-11-04 13:07:48] INFO: ✓ Acceso JWT exitoso - Usuario: superadmin (ID: 1) | Roles: [Administrador]
[2025-11-04 13:07:48] INFO: Verificación de acceso exitosa
[2025-11-04 13:07:48] INFO: ✓ Acceso JWT exitoso - Usuario: superadmin (ID: 1) | Roles: [Administrador]
[2025-11-04 13:07:48] INFO: ✓ Acceso JWT exitoso - Usuario: superadmin (ID: 1) | Roles: [Administrador]
[2025-11-04 13:07:48] INFO: Verificación de acceso exitosa
[2025-11-04 13:07:48] INFO: ✓ Acceso JWT exitoso - Usuario: superadmin (ID: 1) | Roles: [Administrador]
[2025-11-04 13:07:48] INFO: ✓ Acceso JWT exitoso - Usuario: superadmin (ID: 1) | Roles: [Administrador]
[2025-11-04 13:07:48] INFO: Verificación de acceso exitosa
[2025-11-04 13:14:46] INFO: ✓ Acceso JWT exitoso - Usuario: superadmin (ID: 1) | Roles: [Administrador]
[2025-11-04 13:14:46] INFO: ✓ Acceso JWT exitoso - Usuario: superadmin (ID: 1) | Roles: [Administrador]
[2025-11-04 13:14:46] INFO: ✓ Acceso JWT exitoso - Usuario: superadmin (ID: 1) | Roles: [Administrador]
[2025-11-04 13:14:46] INFO: Verificación de acceso exitosa
[2025-11-04 13:14:46] INFO: ✓ Acceso JWT exitoso - Usuario: superadmin (ID: 1) | Roles: [Administrador]
[2025-11-04 13:14:46] INFO: ✓ Acceso JWT exitoso - Usuario: superadmin (ID: 1) | Roles: [Administrador]
[2025-11-04 13:14:46] INFO: ✓ Acceso JWT exitoso - Usuario: superadmin (ID: 1) | Roles: [Administrador]
[2025-11-04 13:14:46] INFO: ✓ Acceso JWT exitoso - Usuario: superadmin (ID: 1) | Roles: [Administrador]
[2025-11-04 13:14:46] INFO: ✓ Acceso JWT exitoso - Usuario: superadmin (ID: 1) | Roles: [Administrador]
[2025-11-04 13:14:46] INFO: Verificación de acceso exitosa
[2025-11-04 13:14:46] INFO: ✓ Acceso JWT exitoso - Usuario: superadmin (ID: 1) | Roles: [Administrador]
[2025-11-04 13:14:46] INFO: ✓ Acceso JWT exitoso - Usuario: superadmin (ID: 1) | Roles: [Administrador]
[2025-11-04 13:14:46] INFO: Verificación de acceso exitosa
[2025-11-04 13:14:46] INFO: ✓ Acceso JWT exitoso - Usuario: superadmin (ID: 1) | Roles: [Administrador]
[2025-11-04 13:14:46] INFO: ✓ Acceso JWT exitoso - Usuario: superadmin (ID: 1) | Roles: [Administrador]
[2025-11-04 13:14:46] INFO: Verificación de acceso exitosa
[2025-11-04 13:14:46] INFO: ✓ Acceso JWT exitoso - Usuario: superadmin (ID: 1) | Roles: [Administrador]
[2025-11-04 13:14:46] INFO: ✓ Acceso JWT exitoso - Usuario: superadmin (ID: 1) | Roles: [Administrador]
[2025-11-04 13:14:46] INFO: Verificación de acceso exitosa
[2025-11-04 13:14:46] INFO: ✓ Acceso JWT exitoso - Usuario: superadmin (ID: 1) | Roles: [Administrador]
[2025-11-04 13:14:46] INFO: ✓ Acceso JWT exitoso - Usuario: superadmin (ID: 1) | Roles: [Administrador]
[2025-11-04 13:14:46] INFO: Verificación de acceso exitosa
[2025-11-04 13:15:00] INFO: ✓ Acceso JWT exitoso - Usuario: superadmin (ID: 1) | Roles: [Administrador]
[2025-11-04 13:15:00] INFO: ✓ Acceso JWT exitoso - Usuario: superadmin (ID: 1) | Roles: [Administrador]
[2025-11-04 13:15:00] INFO: ✓ Acceso JWT exitoso - Usuario: superadmin (ID: 1) | Roles: [Administrador]
[2025-11-04 13:15:00] INFO: Verificación de acceso exitosa
[2025-11-04 13:15:00] INFO: ✓ Acceso JWT exitoso - Usuario: superadmin (ID: 1) | Roles: [Administrador]
[2025-11-04 13:15:00] INFO: ✓ Acceso JWT exitoso - Usuario: superadmin (ID: 1) | Roles: [Administrador]
[2025-11-04 13:15:00] INFO: ✓ Acceso JWT exitoso - Usuario: superadmin (ID: 1) | Roles: [Administrador]
[2025-11-04 13:15:00] INFO: ✓ Acceso JWT exitoso - Usuario: superadmin (ID: 1) | Roles: [Administrador]
[2025-11-04 13:15:00] INFO: ✓ Acceso JWT exitoso - Usuario: superadmin (ID: 1) | Roles: [Administrador]
[2025-11-04 13:15:00] INFO: Verificación de acceso exitosa
[2025-11-04 13:15:00] INFO: ✓ Acceso JWT exitoso - Usuario: superadmin (ID: 1) | Roles: [Administrador]
[2025-11-04 13:15:00] INFO: ✓ Acceso JWT exitoso - Usuario: superadmin (ID: 1) | Roles: [Administrador]
[2025-11-04 13:15:00] INFO: Verificación de acceso exitosa
[2025-11-04 13:15:00] INFO: ✓ Acceso JWT exitoso - Usuario: superadmin (ID: 1) | Roles: [Administrador]
[2025-11-04 13:15:00] INFO: ✓ Acceso JWT exitoso - Usuario: superadmin (ID: 1) | Roles: [Administrador]
[2025-11-04 13:15:00] INFO: Verificación de acceso exitosa
[2025-11-04 13:15:00] INFO: ✓ Acceso JWT exitoso - Usuario: superadmin (ID: 1) | Roles: [Administrador]
[2025-11-04 13:15:00] INFO: ✓ Acceso JWT exitoso - Usuario: superadmin (ID: 1) | Roles: [Administrador]
[2025-11-04 13:15:00] INFO: Verificación de acceso exitosa
[2025-11-04 13:15:01] INFO: ✓ Acceso JWT exitoso - Usuario: superadmin (ID: 1) | Roles: [Administrador]
[2025-11-04 13:15:01] INFO: ✓ Acceso JWT exitoso - Usuario: superadmin (ID: 1) | Roles: [Administrador]
[2025-11-04 13:15:01] INFO: Verificación de acceso exitosa
[2025-11-04 13:17:36] INFO: ✓ Acceso JWT exitoso - Usuario: superadmin (ID: 1) | Roles: [Administrador]
[2025-11-04 13:17:36] INFO: ✓ Acceso JWT exitoso - Usuario: superadmin (ID: 1) | Roles: [Administrador]
[2025-11-04 13:17:36] INFO: ✓ Acceso JWT exitoso - Usuario: superadmin (ID: 1) | Roles: [Administrador]
[2025-11-04 13:17:36] INFO: Verificación de acceso exitosa
[2025-11-04 13:17:36] INFO: ✓ Acceso JWT exitoso - Usuario: superadmin (ID: 1) | Roles: [Administrador]
[2025-11-04 13:17:36] INFO: ✓ Acceso JWT exitoso - Usuario: superadmin (ID: 1) | Roles: [Administrador]
[2025-11-04 13:17:36] INFO: ✓ Acceso JWT exitoso - Usuario: superadmin (ID: 1) | Roles: [Administrador]
[2025-11-04 13:17:36] INFO: ✓ Acceso JWT exitoso - Usuario: superadmin (ID: 1) | Roles: [Administrador]
[2025-11-04 13:17:36] INFO: ✓ Acceso JWT exitoso - Usuario: superadmin (ID: 1) | Roles: [Administrador]
[2025-11-04 13:17:36] INFO: Verificación de acceso exitosa
[2025-11-04 13:17:36] INFO: ✓ Acceso JWT exitoso - Usuario: superadmin (ID: 1) | Roles: [Administrador]
[2025-11-04 13:17:36] INFO: ✓ Acceso JWT exitoso - Usuario: superadmin (ID: 1) | Roles: [Administrador]
[2025-11-04 13:17:36] INFO: Verificación de acceso exitosa
[2025-11-04 13:17:36] INFO: ✓ Acceso JWT exitoso - Usuario: superadmin (ID: 1) | Roles: [Administrador]
[2025-11-04 13:17:36] INFO: ✓ Acceso JWT exitoso - Usuario: superadmin (ID: 1) | Roles: [Administrador]
[2025-11-04 13:17:36] INFO: Verificación de acceso exitosa
[2025-11-04 13:17:36] INFO: ✓ Acceso JWT exitoso - Usuario: superadmin (ID: 1) | Roles: [Administrador]
[2025-11-04 13:17:36] INFO: ✓ Acceso JWT exitoso - Usuario: superadmin (ID: 1) | Roles: [Administrador]
[2025-11-04 13:17:36] INFO: Verificación de acceso exitosa
[2025-11-04 13:17:36] INFO: ✓ Acceso JWT exitoso - Usuario: superadmin (ID: 1) | Roles: [Administrador]
[2025-11-04 13:17:36] INFO: ✓ Acceso JWT exitoso - Usuario: superadmin (ID: 1) | Roles: [Administrador]
[2025-11-04 13:17:36] INFO: Verificación de acceso exitosa
[2025-11-04 13:19:45] INFO: ✓ Acceso JWT exitoso - Usuario: superadmin (ID: 1) | Roles: [Administrador]
[2025-11-04 13:19:45] INFO: ✓ Acceso JWT exitoso - Usuario: superadmin (ID: 1) | Roles: [Administrador]
[2025-11-04 13:19:45] INFO: ✓ Acceso JWT exitoso - Usuario: superadmin (ID: 1) | Roles: [Administrador]
[2025-11-04 13:19:45] INFO: Verificación de acceso exitosa
[2025-11-04 13:19:45] INFO: ✓ Acceso JWT exitoso - Usuario: superadmin (ID: 1) | Roles: [Administrador]
[2025-11-04 13:19:45] INFO: ✓ Acceso JWT exitoso - Usuario: superadmin (ID: 1) | Roles: [Administrador]
[2025-11-04 13:19:45] INFO: ✓ Acceso JWT exitoso - Usuario: superadmin (ID: 1) | Roles: [Administrador]
[2025-11-04 13:19:45] INFO: ✓ Acceso JWT exitoso - Usuario: superadmin (ID: 1) | Roles: [Administrador]
[2025-11-04 13:19:45] INFO: ✓ Acceso JWT exitoso - Usuario: superadmin (ID: 1) | Roles: [Administrador]
[2025-11-04 13:19:45] INFO: Verificación de acceso exitosa
[2025-11-04 13:19:45] INFO: ✓ Acceso JWT exitoso - Usuario: superadmin (ID: 1) | Roles: [Administrador]
[2025-11-04 13:19:45] INFO: ✓ Acceso JWT exitoso - Usuario: superadmin (ID: 1) | Roles: [Administrador]
[2025-11-04 13:19:45] INFO: Verificación de acceso exitosa
[2025-11-04 13:19:45] INFO: ✓ Acceso JWT exitoso - Usuario: superadmin (ID: 1) | Roles: [Administrador]
[2025-11-04 13:19:45] INFO: ✓ Acceso JWT exitoso - Usuario: superadmin (ID: 1) | Roles: [Administrador]
[2025-11-04 13:19:45] INFO: Verificación de acceso exitosa
[2025-11-04 13:19:45] INFO: ✓ Acceso JWT exitoso - Usuario: superadmin (ID: 1) | Roles: [Administrador]
[2025-11-04 13:19:45] INFO: ✓ Acceso JWT exitoso - Usuario: superadmin (ID: 1) | Roles: [Administrador]
[2025-11-04 13:19:45] INFO: Verificación de acceso exitosa
[2025-11-04 13:19:45] INFO: ✓ Acceso JWT exitoso - Usuario: superadmin (ID: 1) | Roles: [Administrador]
[2025-11-04 13:19:45] INFO: ✓ Acceso JWT exitoso - Usuario: superadmin (ID: 1) | Roles: [Administrador]
[2025-11-04 13:19:45] INFO: Verificación de acceso exitosa
[2025-11-04 13:23:19] INFO: ✓ Acceso JWT exitoso - Usuario: superadmin (ID: 1) | Roles: [Administrador]
[2025-11-04 13:23:19] INFO: ✓ Acceso JWT exitoso - Usuario: superadmin (ID: 1) | Roles: [Administrador]
[2025-11-04 13:23:19] INFO: Verificación de acceso exitosa
[2025-11-04 13:23:19] INFO: ✓ Acceso JWT exitoso - Usuario: superadmin (ID: 1) | Roles: [Administrador]
[2025-11-04 13:23:19] INFO: ✓ Acceso JWT exitoso - Usuario: superadmin (ID: 1) | Roles: [Administrador]
[2025-11-04 13:23:19] INFO: ✓ Acceso JWT exitoso - Usuario: superadmin (ID: 1) | Roles: [Administrador]
[2025-11-04 13:23:19] INFO: ✓ Acceso JWT exitoso - Usuario: superadmin (ID: 1) | Roles: [Administrador]
[2025-11-04 13:23:19] INFO: ✓ Acceso JWT exitoso - Usuario: superadmin (ID: 1) | Roles: [Administrador]
[2025-11-04 13:23:19] INFO: Verificación de acceso exitosa
[2025-11-04 13:23:19] INFO: ✓ Acceso JWT exitoso - Usuario: superadmin (ID: 1) | Roles: [Administrador]
[2025-11-04 13:23:19] INFO: ✓ Acceso JWT exitoso - Usuario: superadmin (ID: 1) | Roles: [Administrador]
[2025-11-04 13:23:19] INFO: ✓ Acceso JWT exitoso - Usuario: superadmin (ID: 1) | Roles: [Administrador]
[2025-11-04 13:23:19] INFO: Verificación de acceso exitosa
[2025-11-04 13:23:19] INFO: ✓ Acceso JWT exitoso - Usuario: superadmin (ID: 1) | Roles: [Administrador]
[2025-11-04 13:23:19] INFO: ✓ Acceso JWT exitoso - Usuario: superadmin (ID: 1) | Roles: [Administrador]
[2025-11-04 13:23:19] INFO: Verificación de acceso exitosa
[2025-11-04 13:23:19] INFO: ✓ Acceso JWT exitoso - Usuario: superadmin (ID: 1) | Roles: [Administrador]
[2025-11-04 13:23:19] INFO: ✓ Acceso JWT exitoso - Usuario: superadmin (ID: 1) | Roles: [Administrador]
[2025-11-04 13:23:19] INFO: Verificación de acceso exitosa
[2025-11-04 13:23:19] INFO: ✓ Acceso JWT exitoso - Usuario: superadmin (ID: 1) | Roles: [Administrador]
[2025-11-04 13:23:19] INFO: ✓ Acceso JWT exitoso - Usuario: superadmin (ID: 1) | Roles: [Administrador]
[2025-11-04 13:23:19] INFO: Verificación de acceso exitosa
[2025-11-04 13:25:45] INFO: ✓ Acceso JWT exitoso - Usuario: superadmin (ID: 1) | Roles: [Administrador]
[2025-11-04 13:25:45] INFO: ✓ Acceso JWT exitoso - Usuario: superadmin (ID: 1) | Roles: [Administrador]
[2025-11-04 13:25:45] INFO: ✓ Acceso JWT exitoso - Usuario: superadmin (ID: 1) | Roles: [Administrador]
[2025-11-04 13:25:45] INFO: ✓ Acceso JWT exitoso - Usuario: superadmin (ID: 1) | Roles: [Administrador]
[2025-11-04 13:25:45] INFO: Verificación de acceso exitosa
[2025-11-04 13:25:45] INFO: ✓ Acceso JWT exitoso - Usuario: superadmin (ID: 1) | Roles: [Administrador]
[2025-11-04 13:25:45] INFO: ✓ Acceso JWT exitoso - Usuario: superadmin (ID: 1) | Roles: [Administrador]
[2025-11-04 13:25:45] INFO: ✓ Acceso JWT exitoso - Usuario: superadmin (ID: 1) | Roles: [Administrador]
[2025-11-04 13:25:45] INFO: ✓ Acceso JWT exitoso - Usuario: superadmin (ID: 1) | Roles: [Administrador]
[2025-11-04 13:25:45] INFO: Verificación de acceso exitosa
[2025-11-04 13:25:45] INFO: ✓ Acceso JWT exitoso - Usuario: superadmin (ID: 1) | Roles: [Administrador]
[2025-11-04 13:25:45] INFO: ✓ Acceso JWT exitoso - Usuario: superadmin (ID: 1) | Roles: [Administrador]
[2025-11-04 13:25:45] INFO: Verificación de acceso exitosa
[2025-11-04 13:25:45] INFO: ✓ Acceso JWT exitoso - Usuario: superadmin (ID: 1) | Roles: [Administrador]
[2025-11-04 13:25:45] INFO: ✓ Acceso JWT exitoso - Usuario: superadmin (ID: 1) | Roles: [Administrador]
[2025-11-04 13:25:45] INFO: Verificación de acceso exitosa
[2025-11-04 13:25:45] INFO: ✓ Acceso JWT exitoso - Usuario: superadmin (ID: 1) | Roles: [Administrador]
[2025-11-04 13:25:45] INFO: ✓ Acceso JWT exitoso - Usuario: superadmin (ID: 1) | Roles: [Administrador]
[2025-11-04 13:25:45] INFO: Verificación de acceso exitosa
[2025-11-04 13:25:45] INFO: ✓ Acceso JWT exitoso - Usuario: superadmin (ID: 1) | Roles: [Administrador]
[2025-11-04 13:25:45] INFO: ✓ Acceso JWT exitoso - Usuario: superadmin (ID: 1) | Roles: [Administrador]
[2025-11-04 13:25:45] INFO: Verificación de acceso exitosa
[2025-11-04 13:27:04] INFO: ✓ Acceso JWT exitoso - Usuario: superadmin (ID: 1) | Roles: [Administrador]
[2025-11-04 13:27:04] INFO: ✓ Acceso JWT exitoso - Usuario: superadmin (ID: 1) | Roles: [Administrador]
[2025-11-04 13:27:04] INFO: ✓ Acceso JWT exitoso - Usuario: superadmin (ID: 1) | Roles: [Administrador]
[2025-11-04 13:27:04] INFO: ✓ Acceso JWT exitoso - Usuario: superadmin (ID: 1) | Roles: [Administrador]
[2025-11-04 13:27:04] INFO: Verificación de acceso exitosa
[2025-11-04 13:27:04] INFO: ✓ Acceso JWT exitoso - Usuario: superadmin (ID: 1) | Roles: [Administrador]
[2025-11-04 13:27:04] INFO: ✓ Acceso JWT exitoso - Usuario: superadmin (ID: 1) | Roles: [Administrador]
[2025-11-04 13:27:04] INFO: ✓ Acceso JWT exitoso - Usuario: superadmin (ID: 1) | Roles: [Administrador]
[2025-11-04 13:27:04] INFO: ✓ Acceso JWT exitoso - Usuario: superadmin (ID: 1) | Roles: [Administrador]
[2025-11-04 13:27:04] INFO: Verificación de acceso exitosa
[2025-11-04 13:27:04] INFO: ✓ Acceso JWT exitoso - Usuario: superadmin (ID: 1) | Roles: [Administrador]
[2025-11-04 13:27:04] INFO: ✓ Acceso JWT exitoso - Usuario: superadmin (ID: 1) | Roles: [Administrador]
[2025-11-04 13:27:04] INFO: Verificación de acceso exitosa
[2025-11-04 13:27:04] INFO: ✓ Acceso JWT exitoso - Usuario: superadmin (ID: 1) | Roles: [Administrador]
[2025-11-04 13:27:04] INFO: ✓ Acceso JWT exitoso - Usuario: superadmin (ID: 1) | Roles: [Administrador]
[2025-11-04 13:27:04] INFO: Verificación de acceso exitosa
[2025-11-04 13:27:04] INFO: ✓ Acceso JWT exitoso - Usuario: superadmin (ID: 1) | Roles: [Administrador]
[2025-11-04 13:27:04] INFO: ✓ Acceso JWT exitoso - Usuario: superadmin (ID: 1) | Roles: [Administrador]
[2025-11-04 13:27:04] INFO: Verificación de acceso exitosa
[2025-11-04 13:27:04] INFO: ✓ Acceso JWT exitoso - Usuario: superadmin (ID: 1) | Roles: [Administrador]
[2025-11-04 13:27:04] INFO: ✓ Acceso JWT exitoso - Usuario: superadmin (ID: 1) | Roles: [Administrador]
[2025-11-04 13:27:04] INFO: Verificación de acceso exitosa
[2025-11-04 13:29:24] INFO: ✓ Acceso JWT exitoso - Usuario: superadmin (ID: 1) | Roles: [Administrador]
[2025-11-04 13:29:24] INFO: ✓ Acceso JWT exitoso - Usuario: superadmin (ID: 1) | Roles: [Administrador]
[2025-11-04 13:29:24] INFO: ✓ Acceso JWT exitoso - Usuario: superadmin (ID: 1) | Roles: [Administrador]
[2025-11-04 13:29:24] INFO: Verificación de acceso exitosa
[2025-11-04 13:29:24] INFO: ✓ Acceso JWT exitoso - Usuario: superadmin (ID: 1) | Roles: [Administrador]
[2025-11-04 13:29:24] INFO: Verificación de acceso exitosa
[2025-11-04 13:29:24] INFO: ✓ Acceso JWT exitoso - Usuario: superadmin (ID: 1) | Roles: [Administrador]
[2025-11-04 13:29:24] INFO: ✓ Acceso JWT exitoso - Usuario: superadmin (ID: 1) | Roles: [Administrador]
[2025-11-04 13:29:24] INFO: Verificación de acceso exitosa
[2025-11-04 13:29:24] INFO: ✓ Acceso JWT exitoso - Usuario: superadmin (ID: 1) | Roles: [Administrador]
[2025-11-04 13:29:24] INFO: ✓ Acceso JWT exitoso - Usuario: superadmin (ID: 1) | Roles: [Administrador]
[2025-11-04 13:29:24] INFO: ✓ Acceso JWT exitoso - Usuario: superadmin (ID: 1) | Roles: [Administrador]
[2025-11-04 13:29:24] INFO: Verificación de acceso exitosa
[2025-11-04 13:29:24] INFO: ✓ Acceso JWT exitoso - Usuario: superadmin (ID: 1) | Roles: [Administrador]
[2025-11-04 13:29:24] INFO: Verificación de acceso exitosa
[2025-11-04 13:29:24] INFO: ✓ Acceso JWT exitoso - Usuario: superadmin (ID: 1) | Roles: [Administrador]
[2025-11-04 13:29:24] INFO: ✓ Acceso JWT exitoso - Usuario: superadmin (ID: 1) | Roles: [Administrador]
[2025-11-04 13:29:24] INFO: Verificación de acceso exitosa
[2025-11-04 13:29:24] INFO: ✓ Acceso JWT exitoso - Usuario: superadmin (ID: 1) | Roles: [Administrador]
[2025-11-04 13:29:24] INFO: ✓ Acceso JWT exitoso - Usuario: superadmin (ID: 1) | Roles: [Administrador]
[2025-11-04 13:29:24] INFO: Verificación de acceso exitosa
[2025-11-04 13:29:24] INFO: ✓ Acceso JWT exitoso - Usuario: superadmin (ID: 1) | Roles: [Administrador]
[2025-11-04 13:29:24] INFO: ✓ Acceso JWT exitoso - Usuario: superadmin (ID: 1) | Roles: [Administrador]
[2025-11-04 13:29:24] INFO: Verificación de acceso exitosa
[2025-11-04 13:30:23] INFO: ✓ Acceso JWT exitoso - Usuario: superadmin (ID: 1) | Roles: [Administrador]
[2025-11-04 13:30:23] INFO: ✓ Acceso JWT exitoso - Usuario: superadmin (ID: 1) | Roles: [Administrador]
[2025-11-04 13:30:23] INFO: Verificación de acceso exitosa
[2025-11-04 13:31:57] INFO: ✓ Acceso JWT exitoso - Usuario: superadmin (ID: 1) | Roles: [Administrador]
[2025-11-04 13:31:57] INFO: ✓ Acceso JWT exitoso - Usuario: superadmin (ID: 1) | Roles: [Administrador]
[2025-11-04 13:31:57] INFO: ✓ Acceso JWT exitoso - Usuario: superadmin (ID: 1) | Roles: [Administrador]
[2025-11-04 13:31:57] INFO: Verificación de acceso exitosa
[2025-11-04 13:31:57] INFO: ✓ Acceso JWT exitoso - Usuario: superadmin (ID: 1) | Roles: [Administrador]
[2025-11-04 13:31:57] INFO: Verificación de acceso exitosa
[2025-11-04 13:31:57] INFO: ✓ Acceso JWT exitoso - Usuario: superadmin (ID: 1) | Roles: [Administrador]
[2025-11-04 13:31:57] INFO: ✓ Acceso JWT exitoso - Usuario: superadmin (ID: 1) | Roles: [Administrador]
[2025-11-04 13:31:57] INFO: Verificación de acceso exitosa
[2025-11-04 13:31:57] INFO: ✓ Acceso JWT exitoso - Usuario: superadmin (ID: 1) | Roles: [Administrador]
[2025-11-04 13:31:57] INFO: ✓ Acceso JWT exitoso - Usuario: superadmin (ID: 1) | Roles: [Administrador]
[2025-11-04 13:31:57] INFO: Verificación de acceso exitosa
[2025-11-04 13:31:57] INFO: ✓ Acceso JWT exitoso - Usuario: superadmin (ID: 1) | Roles: [Administrador]
[2025-11-04 13:31:57] INFO: ✓ Acceso JWT exitoso - Usuario: superadmin (ID: 1) | Roles: [Administrador]
[2025-11-04 13:31:57] INFO: Verificación de acceso exitosa
[2025-11-04 13:31:57] INFO: ✓ Acceso JWT exitoso - Usuario: superadmin (ID: 1) | Roles: [Administrador]
[2025-11-04 13:31:57] INFO: ✓ Acceso JWT exitoso - Usuario: superadmin (ID: 1) | Roles: [Administrador]
[2025-11-04 13:31:57] INFO: Verificación de acceso exitosa
[2025-11-04 13:31:57] INFO: ✓ Acceso JWT exitoso - Usuario: superadmin (ID: 1) | Roles: [Administrador]
[2025-11-04 13:31:57] INFO: ✓ Acceso JWT exitoso - Usuario: superadmin (ID: 1) | Roles: [Administrador]
[2025-11-04 13:31:57] INFO: Verificación de acceso exitosa
[2025-11-04 13:31:57] INFO: ✓ Acceso JWT exitoso - Usuario: superadmin (ID: 1) | Roles: [Administrador]
[2025-11-04 13:31:57] INFO: ✓ Acceso JWT exitoso - Usuario: superadmin (ID: 1) | Roles: [Administrador]
[2025-11-04 13:31:57] INFO: Verificación de acceso exitosa
[2025-11-04 13:32:19] INFO: ✓ Acceso JWT exitoso - Usuario: superadmin (ID: 1) | Roles: [Administrador]
[2025-11-04 13:32:19] INFO: ✓ Acceso JWT exitoso - Usuario: superadmin (ID: 1) | Roles: [Administrador]
[2025-11-04 13:32:19] INFO: ✓ Acceso JWT exitoso - Usuario: superadmin (ID: 1) | Roles: [Administrador]
[2025-11-04 13:32:19] INFO: ✓ Acceso JWT exitoso - Usuario: superadmin (ID: 1) | Roles: [Administrador]
[2025-11-04 13:32:19] INFO: Verificación de acceso exitosa
[2025-11-04 13:32:19] INFO: ✓ Acceso JWT exitoso - Usuario: superadmin (ID: 1) | Roles: [Administrador]
[2025-11-04 13:32:19] INFO: ✓ Acceso JWT exitoso - Usuario: superadmin (ID: 1) | Roles: [Administrador]
[2025-11-04 13:32:19] INFO: Verificación de acceso exitosa
[2025-11-04 13:32:19] INFO: ✓ Acceso JWT exitoso - Usuario: superadmin (ID: 1) | Roles: [Administrador]
[2025-11-04 13:32:19] INFO: ✓ Acceso JWT exitoso - Usuario: superadmin (ID: 1) | Roles: [Administrador]
[2025-11-04 13:32:19] INFO: ✓ Acceso JWT exitoso - Usuario: superadmin (ID: 1) | Roles: [Administrador]
[2025-11-04 13:32:19] INFO: ✓ Acceso JWT exitoso - Usuario: superadmin (ID: 1) | Roles: [Administrador]
[2025-11-04 13:32:19] INFO: Verificación de acceso exitosa
[2025-11-04 13:32:19] INFO: ✓ Acceso JWT exitoso - Usuario: superadmin (ID: 1) | Roles: [Administrador]
[2025-11-04 13:32:19] INFO: ✓ Acceso JWT exitoso - Usuario: superadmin (ID: 1) | Roles: [Administrador]
[2025-11-04 13:32:19] INFO: ✓ Acceso JWT exitoso - Usuario: superadmin (ID: 1) | Roles: [Administrador]
[2025-11-04 13:32:19] INFO: ✓ Acceso JWT exitoso - Usuario: superadmin (ID: 1) | Roles: [Administrador]
[2025-11-04 13:32:19] INFO: Verificación de acceso exitosa
[2025-11-04 13:32:19] INFO: ✓ Acceso JWT exitoso - Usuario: superadmin (ID: 1) | Roles: [Administrador]
[2025-11-04 13:32:19] INFO: ✓ Acceso JWT exitoso - Usuario: superadmin (ID: 1) | Roles: [Administrador]
[2025-11-04 13:32:19] INFO: ✓ Acceso JWT exitoso - Usuario: superadmin (ID: 1) | Roles: [Administrador]
[2025-11-04 13:32:19] INFO: ✓ Acceso JWT exitoso - Usuario: superadmin (ID: 1) | Roles: [Administrador]
[2025-11-04 13:32:19] INFO: Verificación de acceso exitosa
[2025-11-04 13:32:19] INFO: ✓ Acceso JWT exitoso - Usuario: superadmin (ID: 1) | Roles: [Administrador]
[2025-11-04 13:32:19] INFO: ✓ Acceso JWT exitoso - Usuario: superadmin (ID: 1) | Roles: [Administrador]
[2025-11-04 13:32:19] INFO: ✓ Acceso JWT exitoso - Usuario: superadmin (ID: 1) | Roles: [Administrador]
[2025-11-04 13:32:19] INFO: ✓ Acceso JWT exitoso - Usuario: superadmin (ID: 1) | Roles: [Administrador]
[2025-11-04 13:32:19] INFO: Verificación de acceso exitosa
[2025-11-04 13:32:19] INFO: ✓ Acceso JWT exitoso - Usuario: superadmin (ID: 1) | Roles: [Administrador]
[2025-11-04 13:32:19] INFO: ✓ Acceso JWT exitoso - Usuario: superadmin (ID: 1) | Roles: [Administrador]
[2025-11-04 13:32:19] INFO: ✓ Acceso JWT exitoso - Usuario: superadmin (ID: 1) | Roles: [Administrador]
[2025-11-04 13:32:19] INFO: ✓ Acceso JWT exitoso - Usuario: superadmin (ID: 1) | Roles: [Administrador]
[2025-11-04 13:32:19] INFO: Verificación de acceso exitosa
[2025-11-04 13:32:19] INFO: ✓ Acceso JWT exitoso - Usuario: superadmin (ID: 1) | Roles: [Administrador]
[2025-11-04 13:32:19] INFO: ✓ Acceso JWT exitoso - Usuario: superadmin (ID: 1) | Roles: [Administrador]
[2025-11-04 13:32:19] INFO: ✓ Acceso JWT exitoso - Usuario: superadmin (ID: 1) | Roles: [Administrador]
[2025-11-04 13:32:19] INFO: ✓ Acceso JWT exitoso - Usuario: superadmin (ID: 1) | Roles: [Administrador]
[2025-11-04 13:32:19] INFO: Verificación de acceso exitosa
[2025-11-04 13:32:19] INFO: ✓ Acceso JWT exitoso - Usuario: superadmin (ID: 1) | Roles: [Administrador]
[2025-11-04 13:32:19] INFO: ✓ Acceso JWT exitoso - Usuario: superadmin (ID: 1) | Roles: [Administrador]
[2025-11-04 13:32:19] INFO: ✓ Acceso JWT exitoso - Usuario: superadmin (ID: 1) | Roles: [Administrador]
[2025-11-04 13:32:19] INFO: ✓ Acceso JWT exitoso - Usuario: superadmin (ID: 1) | Roles: [Administrador]
[2025-11-04 13:32:19] INFO: Verificación de acceso exitosa
[2025-11-04 13:32:19] INFO: ✓ Acceso JWT exitoso - Usuario: superadmin (ID: 1) | Roles: [Administrador]
[2025-11-04 13:32:19] INFO: ✓ Acceso JWT exitoso - Usuario: superadmin (ID: 1) | Roles: [Administrador]
[2025-11-04 13:32:19] INFO: Verificación de acceso exitosa
[2025-11-04 13:32:29] INFO: ✓ Acceso JWT exitoso - Usuario: superadmin (ID: 1) | Roles: [Administrador]
[2025-11-04 13:32:29] INFO: ✓ Acceso JWT exitoso - Usuario: superadmin (ID: 1) | Roles: [Administrador]
[2025-11-04 13:32:29] INFO: ✓ Acceso JWT exitoso - Usuario: superadmin (ID: 1) | Roles: [Administrador]
[2025-11-04 13:32:29] INFO: Verificación de acceso exitosa
[2025-11-04 13:32:29] INFO: ✓ Acceso JWT exitoso - Usuario: superadmin (ID: 1) | Roles: [Administrador]
[2025-11-04 13:32:29] INFO: Verificación de acceso exitosa
[2025-11-04 13:32:29] INFO: ✓ Acceso JWT exitoso - Usuario: superadmin (ID: 1) | Roles: [Administrador]
[2025-11-04 13:32:29] INFO: ✓ Acceso JWT exitoso - Usuario: superadmin (ID: 1) | Roles: [Administrador]
[2025-11-04 13:32:29] INFO: Verificación de acceso exitosa
[2025-11-04 13:32:29] INFO: ✓ Acceso JWT exitoso - Usuario: superadmin (ID: 1) | Roles: [Administrador]
[2025-11-04 13:32:29] INFO: ✓ Acceso JWT exitoso - Usuario: superadmin (ID: 1) | Roles: [Administrador]
[2025-11-04 13:32:29] INFO: Verificación de acceso exitosa
[2025-11-04 13:32:29] INFO: ✓ Acceso JWT exitoso - Usuario: superadmin (ID: 1) | Roles: [Administrador]
[2025-11-04 13:32:29] INFO: ✓ Acceso JWT exitoso - Usuario: superadmin (ID: 1) | Roles: [Administrador]
[2025-11-04 13:32:29] INFO: Verificación de acceso exitosa
[2025-11-04 13:32:29] INFO: ✓ Acceso JWT exitoso - Usuario: superadmin (ID: 1) | Roles: [Administrador]
[2025-11-04 13:32:29] INFO: ✓ Acceso JWT exitoso - Usuario: superadmin (ID: 1) | Roles: [Administrador]
[2025-11-04 13:32:29] INFO: Verificación de acceso exitosa
[2025-11-04 13:32:29] INFO: ✓ Acceso JWT exitoso - Usuario: superadmin (ID: 1) | Roles: [Administrador]
[2025-11-04 13:32:29] INFO: ✓ Acceso JWT exitoso - Usuario: superadmin (ID: 1) | Roles: [Administrador]
[2025-11-04 13:32:29] INFO: Verificación de acceso exitosa
[2025-11-04 13:32:29] INFO: ✓ Acceso JWT exitoso - Usuario: superadmin (ID: 1) | Roles: [Administrador]
[2025-11-04 13:32:29] INFO: ✓ Acceso JWT exitoso - Usuario: superadmin (ID: 1) | Roles: [Administrador]
[2025-11-04 13:32:29] INFO: Verificación de acceso exitosa
[2025-11-04 13:32:32] INFO: ✓ Acceso JWT exitoso - Usuario: superadmin (ID: 1) | Roles: [Administrador]
[2025-11-04 13:32:32] INFO: ✓ Acceso JWT exitoso - Usuario: superadmin (ID: 1) | Roles: [Administrador]
[2025-11-04 13:32:32] INFO: ✓ Acceso JWT exitoso - Usuario: superadmin (ID: 1) | Roles: [Administrador]
[2025-11-04 13:32:32] INFO: ✓ Acceso JWT exitoso - Usuario: superadmin (ID: 1) | Roles: [Administrador]
[2025-11-04 13:32:32] INFO: Verificación de acceso exitosa
[2025-11-04 13:32:33] INFO: ✓ Acceso JWT exitoso - Usuario: superadmin (ID: 1) | Roles: [Administrador]
[2025-11-04 13:32:33] INFO: ✓ Acceso JWT exitoso - Usuario: superadmin (ID: 1) | Roles: [Administrador]
[2025-11-04 13:32:33] INFO: ✓ Acceso JWT exitoso - Usuario: superadmin (ID: 1) | Roles: [Administrador]
[2025-11-04 13:32:33] INFO: Verificación de acceso exitosa
[2025-11-04 13:32:33] INFO: ✓ Acceso JWT exitoso - Usuario: superadmin (ID: 1) | Roles: [Administrador]
[2025-11-04 13:32:33] INFO: ✓ Acceso JWT exitoso - Usuario: superadmin (ID: 1) | Roles: [Administrador]
[2025-11-04 13:32:33] INFO: ✓ Acceso JWT exitoso - Usuario: superadmin (ID: 1) | Roles: [Administrador]
[2025-11-04 13:32:33] INFO: Verificación de acceso exitosa
[2025-11-04 13:32:33] INFO: ✓ Acceso JWT exitoso - Usuario: superadmin (ID: 1) | Roles: [Administrador]
[2025-11-04 13:32:33] INFO: ✓ Acceso JWT exitoso - Usuario: superadmin (ID: 1) | Roles: [Administrador]
[2025-11-04 13:32:33] INFO: ✓ Acceso JWT exitoso - Usuario: superadmin (ID: 1) | Roles: [Administrador]
[2025-11-04 13:32:33] INFO: ✓ Acceso JWT exitoso - Usuario: superadmin (ID: 1) | Roles: [Administrador]
[2025-11-04 13:32:33] INFO: Verificación de acceso exitosa
[2025-11-04 13:32:33] INFO: ✓ Acceso JWT exitoso - Usuario: superadmin (ID: 1) | Roles: [Administrador]
[2025-11-04 13:32:33] INFO: ✓ Acceso JWT exitoso - Usuario: superadmin (ID: 1) | Roles: [Administrador]
[2025-11-04 13:32:33] INFO: ✓ Acceso JWT exitoso - Usuario: superadmin (ID: 1) | Roles: [Administrador]
[2025-11-04 13:32:33] INFO: ✓ Acceso JWT exitoso - Usuario: superadmin (ID: 1) | Roles: [Administrador]
[2025-11-04 13:32:33] INFO: Verificación de acceso exitosa
[2025-11-04 13:32:33] INFO: ✓ Acceso JWT exitoso - Usuario: superadmin (ID: 1) | Roles: [Administrador]
[2025-11-04 13:32:33] INFO: ✓ Acceso JWT exitoso - Usuario: superadmin (ID: 1) | Roles: [Administrador]
[2025-11-04 13:32:33] INFO: ✓ Acceso JWT exitoso - Usuario: superadmin (ID: 1) | Roles: [Administrador]
[2025-11-04 13:32:33] INFO: ✓ Acceso JWT exitoso - Usuario: superadmin (ID: 1) | Roles: [Administrador]
[2025-11-04 13:32:33] INFO: Verificación de acceso exitosa
[2025-11-04 13:32:33] INFO: ✓ Acceso JWT exitoso - Usuario: superadmin (ID: 1) | Roles: [Administrador]
[2025-11-04 13:32:33] INFO: ✓ Acceso JWT exitoso - Usuario: superadmin (ID: 1) | Roles: [Administrador]
[2025-11-04 13:32:33] INFO: ✓ Acceso JWT exitoso - Usuario: superadmin (ID: 1) | Roles: [Administrador]
[2025-11-04 13:32:33] INFO: ✓ Acceso JWT exitoso - Usuario: superadmin (ID: 1) | Roles: [Administrador]
[2025-11-04 13:32:33] INFO: Verificación de acceso exitosa
[2025-11-04 13:32:33] INFO: ✓ Acceso JWT exitoso - Usuario: superadmin (ID: 1) | Roles: [Administrador]
[2025-11-04 13:32:33] INFO: ✓ Acceso JWT exitoso - Usuario: superadmin (ID: 1) | Roles: [Administrador]
[2025-11-04 13:32:33] INFO: ✓ Acceso JWT exitoso - Usuario: superadmin (ID: 1) | Roles: [Administrador]
[2025-11-04 13:32:33] INFO: ✓ Acceso JWT exitoso - Usuario: superadmin (ID: 1) | Roles: [Administrador]
[2025-11-04 13:32:33] INFO: Verificación de acceso exitosa
[2025-11-04 13:32:33] INFO: ✓ Acceso JWT exitoso - Usuario: superadmin (ID: 1) | Roles: [Administrador]
[2025-11-04 13:32:33] INFO: ✓ Acceso JWT exitoso - Usuario: superadmin (ID: 1) | Roles: [Administrador]
[2025-11-04 13:32:33] INFO: ✓ Acceso JWT exitoso - Usuario: superadmin (ID: 1) | Roles: [Administrador]
[2025-11-04 13:32:33] INFO: ✓ Acceso JWT exitoso - Usuario: superadmin (ID: 1) | Roles: [Administrador]
[2025-11-04 13:32:33] INFO: Verificación de acceso exitosa
[2025-11-04 13:32:33] INFO: ✓ Acceso JWT exitoso - Usuario: superadmin (ID: 1) | Roles: [Administrador]
[2025-11-04 13:32:33] INFO: ✓ Acceso JWT exitoso - Usuario: superadmin (ID: 1) | Roles: [Administrador]
[2025-11-04 13:32:33] INFO: Verificación de acceso exitosa
