[2025-11-02 17:40:54] WARN: Token JWT inválido. Razón: invalid signature
[2025-11-02 17:40:54] WARN: Token JWT inválido. Razón: invalid signature
[2025-11-02 17:40:54] WARN: Token JWT inválido. Razón: invalid signature
[2025-11-02 17:40:54] WARN: Token JWT inválido. Razón: invalid signature
[2025-11-02 17:40:54] WARN: Token JWT inválido. Razón: invalid signature
[2025-11-02 17:40:54] WARN: Token JWT inválido. Razón: invalid signature
[2025-11-02 17:40:54] WARN: Token JWT inválido. Razón: invalid signature
[2025-11-02 17:40:54] WARN: Token JWT inválido. Razón: invalid signature
[2025-11-02 17:41:12] WARN: Token JWT inválido. Razón: invalid signature
[2025-11-02 17:41:12] WARN: Token JWT inválido. Razón: invalid signature
[2025-11-02 17:44:30] WARN: Token JWT inválido. Razón: invalid signature
[2025-11-02 17:44:30] WARN: Token JWT inválido. Razón: invalid signature
[2025-11-02 17:44:30] WARN: Token JWT inválido. Razón: invalid signature
[2025-11-02 17:44:30] WARN: Token JWT inválido. Razón: invalid signature
[2025-11-02 17:44:30] WARN: Token JWT inválido. Razón: invalid signature
[2025-11-02 17:44:30] WARN: Token JWT inválido. Razón: invalid signature
[2025-11-02 17:44:30] WARN: Token JWT inválido. Razón: invalid signature
[2025-11-02 17:44:30] WARN: Token JWT inválido. Razón: invalid signature
[2025-11-02 17:45:18] WARN: Token JWT inválido. Razón: invalid signature
[2025-11-02 17:45:18] WARN: Token JWT inválido. Razón: invalid signature
[2025-11-02 17:45:18] WARN: Token JWT inválido. Razón: invalid signature
[2025-11-02 17:45:18] WARN: Token JWT inválido. Razón: invalid signature
[2025-11-02 17:45:18] WARN: Token JWT inválido. Razón: invalid signature
[2025-11-02 17:45:18] WARN: Token JWT inválido. Razón: invalid signature
[2025-11-02 17:45:18] WARN: Token JWT inválido. Razón: invalid signature
[2025-11-02 17:45:18] WARN: Token JWT inválido. Razón: invalid signature
[2025-11-02 17:46:27] WARN: Token JWT inválido. Razón: invalid signature
[2025-11-02 17:46:27] WARN: Token JWT inválido. Razón: invalid signature
[2025-11-02 17:46:27] WARN: Token JWT inválido. Razón: invalid signature
[2025-11-02 17:46:27] WARN: Token JWT inválido. Razón: invalid signature
[2025-11-02 17:46:27] WARN: Token JWT inválido. Razón: invalid signature
[2025-11-02 17:46:27] WARN: Token JWT inválido. Razón: invalid signature
[2025-11-02 17:46:27] WARN: Token JWT inválido. Razón: invalid signature
[2025-11-02 17:46:27] WARN: Token JWT inválido. Razón: invalid signature
[2025-11-02 17:46:34] WARN: Token JWT inválido. Razón: invalid signature
[2025-11-02 17:46:34] WARN: Token JWT inválido. Razón: invalid signature
[2025-11-02 17:46:34] WARN: Token JWT inválido. Razón: invalid signature
[2025-11-02 17:46:34] WARN: Token JWT inválido. Razón: invalid signature
[2025-11-02 17:46:34] WARN: Token JWT inválido. Razón: invalid signature
[2025-11-02 17:46:34] WARN: Token JWT inválido. Razón: invalid signature
[2025-11-02 17:46:34] WARN: Token JWT inválido. Razón: invalid signature
[2025-11-02 17:46:34] WARN: Token JWT inválido. Razón: invalid signature
[2025-11-02 17:46:45] WARN: Token JWT inválido. Razón: invalid signature
[2025-11-02 17:46:45] WARN: Token JWT inválido. Razón: invalid signature
[2025-11-02 17:46:45] WARN: Token JWT inválido. Razón: invalid signature
[2025-11-02 17:46:45] WARN: Token JWT inválido. Razón: invalid signature
[2025-11-02 17:46:45] WARN: Token JWT inválido. Razón: invalid signature
[2025-11-02 17:46:45] WARN: Token JWT inválido. Razón: invalid signature
[2025-11-02 17:46:45] WARN: Token JWT inválido. Razón: invalid signature
[2025-11-02 17:46:45] WARN: Token JWT inválido. Razón: invalid signature
[2025-11-02 17:52:22] WARN: Token JWT inválido. Razón: invalid signature
[2025-11-02 17:52:22] WARN: Token JWT inválido. Razón: invalid signature
[2025-11-02 17:52:22] WARN: Token JWT inválido. Razón: invalid signature
[2025-11-02 17:52:22] WARN: Token JWT inválido. Razón: invalid signature
[2025-11-02 17:53:12] WARN: Token JWT inválido. Razón: invalid signature
[2025-11-02 17:53:12] WARN: Token JWT inválido. Razón: invalid signature
[2025-11-02 17:53:12] WARN: Token JWT inválido. Razón: invalid signature
[2025-11-02 17:53:12] WARN: Token JWT inválido. Razón: invalid signature
[2025-11-02 17:56:37] WARN: Token JWT inválido. Razón: invalid signature
[2025-11-02 17:56:37] WARN: Token JWT inválido. Razón: invalid signature
[2025-11-02 17:56:37] WARN: Token JWT inválido. Razón: invalid signature
[2025-11-02 17:56:37] WARN: Token JWT inválido. Razón: invalid signature
[2025-11-02 18:04:18] WARN: Token JWT inválido. Razón: invalid signature
[2025-11-02 18:04:18] WARN: Token JWT inválido. Razón: invalid signature
[2025-11-02 18:04:18] WARN: Token JWT inválido. Razón: invalid signature
[2025-11-02 18:04:19] WARN: Token JWT inválido. Razón: invalid signature
[2025-11-02 18:04:19] WARN: Token JWT inválido. Razón: invalid signature
[2025-11-02 18:04:19] WARN: Token JWT inválido. Razón: invalid signature
[2025-11-02 18:04:19] WARN: Token JWT inválido. Razón: invalid signature
[2025-11-02 18:04:19] WARN: Token JWT inválido. Razón: invalid signature
[2025-11-02 18:05:13] WARN: Token JWT inválido. Razón: invalid signature
[2025-11-02 18:05:13] WARN: Token JWT inválido. Razón: invalid signature
[2025-11-02 18:05:13] WARN: Token JWT inválido. Razón: invalid signature
[2025-11-02 18:05:13] WARN: Token JWT inválido. Razón: invalid signature
[2025-11-02 18:05:13] WARN: Token JWT inválido. Razón: invalid signature
[2025-11-02 18:05:13] WARN: Token JWT inválido. Razón: invalid signature
[2025-11-02 18:05:13] WARN: Token JWT inválido. Razón: invalid signature
[2025-11-02 18:05:13] WARN: Token JWT inválido. Razón: invalid signature
[2025-11-02 18:17:28] INFO: ✓ Acceso JWT exitoso - Usuario: superadmin (ID: 1) | Roles: [Administrador]
[2025-11-02 18:17:28] INFO: ✓ Acceso JWT exitoso - Usuario: superadmin (ID: 1) | Roles: [Administrador]
[2025-11-02 18:17:28] INFO: Verificación de acceso exitosa
[2025-11-02 18:17:28] INFO: ✓ Acceso JWT exitoso - Usuario: superadmin (ID: 1) | Roles: [Administrador]
[2025-11-02 18:17:28] INFO: ✓ Acceso JWT exitoso - Usuario: superadmin (ID: 1) | Roles: [Administrador]
[2025-11-02 18:17:28] INFO: ✓ Acceso JWT exitoso - Usuario: superadmin (ID: 1) | Roles: [Administrador]
[2025-11-02 18:17:28] INFO: ✓ Acceso JWT exitoso - Usuario: superadmin (ID: 1) | Roles: [Administrador]
[2025-11-02 18:17:28] INFO: Verificación de acceso exitosa
[2025-11-02 18:17:28] INFO: ✓ Acceso JWT exitoso - Usuario: superadmin (ID: 1) | Roles: [Administrador]
[2025-11-02 18:17:28] INFO: Verificación de acceso exitosa
[2025-11-02 18:17:28] ERROR: Archivo de logs no encontrado
[2025-11-02 18:17:28] ERROR: Error en 
[2025-11-02 18:17:28] INFO: ✓ Acceso JWT exitoso - Usuario: superadmin (ID: 1) | Roles: [Administrador]
[2025-11-02 18:17:28] INFO: Verificación de acceso exitosa
[2025-11-02 18:17:28] INFO: ✓ Acceso JWT exitoso - Usuario: superadmin (ID: 1) | Roles: [Administrador]
[2025-11-02 18:17:28] INFO: ✓ Acceso JWT exitoso - Usuario: superadmin (ID: 1) | Roles: [Administrador]
[2025-11-02 18:17:28] INFO: Verificación de acceso exitosa
[2025-11-02 18:17:28] ERROR: Archivo de logs no encontrado
[2025-11-02 18:17:28] ERROR: Error en 
[2025-11-02 18:17:28] INFO: ✓ Acceso JWT exitoso - Usuario: superadmin (ID: 1) | Roles: [Administrador]
[2025-11-02 18:17:28] INFO: ✓ Acceso JWT exitoso - Usuario: superadmin (ID: 1) | Roles: [Administrador]
[2025-11-02 18:17:28] INFO: Verificación de acceso exitosa
[2025-11-02 18:17:28] INFO: ✓ Acceso JWT exitoso - Usuario: superadmin (ID: 1) | Roles: [Administrador]
[2025-11-02 18:17:28] INFO: ✓ Acceso JWT exitoso - Usuario: superadmin (ID: 1) | Roles: [Administrador]
[2025-11-02 18:17:28] INFO: ✓ Acceso JWT exitoso - Usuario: superadmin (ID: 1) | Roles: [Administrador]
[2025-11-02 18:17:28] INFO: Verificación de acceso exitosa
[2025-11-02 18:17:28] INFO: ✓ Acceso JWT exitoso - Usuario: superadmin (ID: 1) | Roles: [Administrador]
[2025-11-02 18:17:28] INFO: Verificación de acceso exitosa
[2025-11-02 18:19:17] INFO: ✓ Acceso JWT exitoso - Usuario: superadmin (ID: 1) | Roles: [Administrador]
[2025-11-02 18:19:17] INFO: ✓ Acceso JWT exitoso - Usuario: superadmin (ID: 1) | Roles: [Administrador]
[2025-11-02 18:19:17] INFO: ✓ Acceso JWT exitoso - Usuario: superadmin (ID: 1) | Roles: [Administrador]
[2025-11-02 18:19:17] INFO: ✓ Acceso JWT exitoso - Usuario: superadmin (ID: 1) | Roles: [Administrador]
[2025-11-02 18:19:17] INFO: ✓ Acceso JWT exitoso - Usuario: superadmin (ID: 1) | Roles: [Administrador]
[2025-11-02 18:19:17] INFO: Verificación de acceso exitosa
[2025-11-02 18:19:17] INFO: ✓ Acceso JWT exitoso - Usuario: superadmin (ID: 1) | Roles: [Administrador]
[2025-11-02 18:19:17] INFO: Verificación de acceso exitosa
[2025-11-02 18:19:17] INFO: ✓ Acceso JWT exitoso - Usuario: superadmin (ID: 1) | Roles: [Administrador]
[2025-11-02 18:19:17] INFO: Verificación de acceso exitosa
[2025-11-02 18:19:17] INFO: ✓ Acceso JWT exitoso - Usuario: superadmin (ID: 1) | Roles: [Administrador]
[2025-11-02 18:19:17] INFO: Verificación de acceso exitosa
[2025-11-02 18:19:17] ERROR: Archivo de logs no encontrado
[2025-11-02 18:19:17] ERROR: Error en 
[2025-11-02 18:19:17] INFO: ✓ Acceso JWT exitoso - Usuario: superadmin (ID: 1) | Roles: [Administrador]
[2025-11-02 18:19:17] INFO: ✓ Acceso JWT exitoso - Usuario: superadmin (ID: 1) | Roles: [Administrador]
[2025-11-02 18:19:17] INFO: Verificación de acceso exitosa
[2025-11-02 18:19:17] ERROR: Archivo de logs no encontrado
[2025-11-02 18:19:17] ERROR: Error en 
[2025-11-02 18:19:17] INFO: ✓ Acceso JWT exitoso - Usuario: superadmin (ID: 1) | Roles: [Administrador]
[2025-11-02 18:19:17] INFO: ✓ Acceso JWT exitoso - Usuario: superadmin (ID: 1) | Roles: [Administrador]
[2025-11-02 18:19:17] INFO: ✓ Acceso JWT exitoso - Usuario: superadmin (ID: 1) | Roles: [Administrador]
[2025-11-02 18:19:17] INFO: Verificación de acceso exitosa
[2025-11-02 18:19:17] INFO: ✓ Acceso JWT exitoso - Usuario: superadmin (ID: 1) | Roles: [Administrador]
[2025-11-02 18:19:17] INFO: ✓ Acceso JWT exitoso - Usuario: superadmin (ID: 1) | Roles: [Administrador]
[2025-11-02 18:19:17] INFO: Verificación de acceso exitosa
[2025-11-02 18:19:17] INFO: ✓ Acceso JWT exitoso - Usuario: superadmin (ID: 1) | Roles: [Administrador]
[2025-11-02 18:19:17] INFO: Verificación de acceso exitosa
[2025-11-02 18:20:01] INFO: ✓ Acceso JWT exitoso - Usuario: superadmin (ID: 1) | Roles: [Administrador]
[2025-11-02 18:20:01] INFO: ✓ Acceso JWT exitoso - Usuario: superadmin (ID: 1) | Roles: [Administrador]
[2025-11-02 18:20:01] INFO: Verificación de acceso exitosa
[2025-11-02 18:20:01] ERROR: Error en 
[2025-11-02 18:24:34] INFO: ✓ Acceso JWT exitoso - Usuario: superadmin (ID: 1) | Roles: [Administrador]
[2025-11-02 18:24:34] INFO: ✓ Acceso JWT exitoso - Usuario: superadmin (ID: 1) | Roles: [Administrador]
[2025-11-02 18:24:34] INFO: Verificación de acceso exitosa
[2025-11-02 18:25:02] INFO: ✓ Acceso JWT exitoso - Usuario: superadmin (ID: 1) | Roles: [Administrador]
[2025-11-02 18:25:02] INFO: ✓ Acceso JWT exitoso - Usuario: superadmin (ID: 1) | Roles: [Administrador]
[2025-11-02 18:25:02] INFO: Verificación de acceso exitosa
[2025-11-02 18:25:03] INFO: [AUDIT] USER_CREATED
[2025-11-02 18:25:39] INFO: ✓ Acceso JWT exitoso - Usuario: jhonn1 (ID: 2) | Roles: [Administrador]
[2025-11-02 18:25:39] INFO: ✓ Acceso JWT exitoso - Usuario: jhonn1 (ID: 2) | Roles: [Administrador]
[2025-11-02 18:25:39] INFO: ✓ Acceso JWT exitoso - Usuario: jhonn1 (ID: 2) | Roles: [Administrador]
[2025-11-02 18:25:39] INFO: ✓ Acceso JWT exitoso - Usuario: jhonn1 (ID: 2) | Roles: [Administrador]
[2025-11-02 18:25:39] INFO: ✓ Acceso JWT exitoso - Usuario: jhonn1 (ID: 2) | Roles: [Administrador]
[2025-11-02 18:25:39] INFO: Verificación de acceso exitosa
[2025-11-02 18:25:39] INFO: ✓ Acceso JWT exitoso - Usuario: jhonn1 (ID: 2) | Roles: [Administrador]
[2025-11-02 18:25:39] INFO: Verificación de acceso exitosa
[2025-11-02 18:25:39] INFO: ✓ Acceso JWT exitoso - Usuario: jhonn1 (ID: 2) | Roles: [Administrador]
[2025-11-02 18:25:39] INFO: Verificación de acceso exitosa
[2025-11-02 18:25:39] INFO: ✓ Acceso JWT exitoso - Usuario: jhonn1 (ID: 2) | Roles: [Administrador]
[2025-11-02 18:25:39] INFO: Verificación de acceso exitosa
[2025-11-02 18:25:39] ERROR: Archivo de logs no encontrado
[2025-11-02 18:25:39] ERROR: Error en 
[2025-11-02 18:25:39] INFO: ✓ Acceso JWT exitoso - Usuario: jhonn1 (ID: 2) | Roles: [Administrador]
[2025-11-02 18:25:39] INFO: ✓ Acceso JWT exitoso - Usuario: jhonn1 (ID: 2) | Roles: [Administrador]
[2025-11-02 18:25:39] INFO: ✓ Acceso JWT exitoso - Usuario: jhonn1 (ID: 2) | Roles: [Administrador]
[2025-11-02 18:25:39] INFO: Verificación de acceso exitosa
[2025-11-02 18:25:39] ERROR: Archivo de logs no encontrado
[2025-11-02 18:25:39] ERROR: Error en 
[2025-11-02 18:25:39] INFO: ✓ Acceso JWT exitoso - Usuario: jhonn1 (ID: 2) | Roles: [Administrador]
[2025-11-02 18:25:39] INFO: Verificación de acceso exitosa
[2025-11-02 18:25:39] INFO: ✓ Acceso JWT exitoso - Usuario: jhonn1 (ID: 2) | Roles: [Administrador]
[2025-11-02 18:25:39] INFO: ✓ Acceso JWT exitoso - Usuario: jhonn1 (ID: 2) | Roles: [Administrador]
[2025-11-02 18:25:39] INFO: Verificación de acceso exitosa
[2025-11-02 18:25:39] INFO: ✓ Acceso JWT exitoso - Usuario: jhonn1 (ID: 2) | Roles: [Administrador]
[2025-11-02 18:25:39] INFO: ✓ Acceso JWT exitoso - Usuario: jhonn1 (ID: 2) | Roles: [Administrador]
[2025-11-02 18:25:39] INFO: Verificación de acceso exitosa
[2025-11-02 18:26:01] INFO: ✓ Acceso JWT exitoso - Usuario: jhonn1 (ID: 2) | Roles: [Administrador]
[2025-11-02 18:26:01] INFO: ✓ Acceso JWT exitoso - Usuario: jhonn1 (ID: 2) | Roles: [Administrador]
[2025-11-02 18:26:01] INFO: Verificación de acceso exitosa
[2025-11-02 18:26:01] ERROR: Error en 
[2025-11-02 18:32:07] INFO: ✓ Acceso JWT exitoso - Usuario: jhonn1 (ID: 2) | Roles: [Administrador]
[2025-11-02 18:32:07] INFO: ✓ Acceso JWT exitoso - Usuario: jhonn1 (ID: 2) | Roles: [Administrador]
[2025-11-02 18:32:07] INFO: Verificación de acceso exitosa
[2025-11-02 18:32:07] INFO: ✓ Acceso JWT exitoso - Usuario: jhonn1 (ID: 2) | Roles: [Administrador]
[2025-11-02 18:32:07] INFO: ✓ Acceso JWT exitoso - Usuario: jhonn1 (ID: 2) | Roles: [Administrador]
[2025-11-02 18:32:07] INFO: ✓ Acceso JWT exitoso - Usuario: jhonn1 (ID: 2) | Roles: [Administrador]
[2025-11-02 18:32:07] INFO: Verificación de acceso exitosa
[2025-11-02 18:32:07] INFO: ✓ Acceso JWT exitoso - Usuario: jhonn1 (ID: 2) | Roles: [Administrador]
[2025-11-02 18:32:07] INFO: Verificación de acceso exitosa
[2025-11-02 18:32:07] ERROR: Archivo de logs no encontrado
[2025-11-02 18:32:07] ERROR: Error en 
[2025-11-02 18:32:07] INFO: ✓ Acceso JWT exitoso - Usuario: jhonn1 (ID: 2) | Roles: [Administrador]
[2025-11-02 18:32:07] INFO: ✓ Acceso JWT exitoso - Usuario: jhonn1 (ID: 2) | Roles: [Administrador]
[2025-11-02 18:32:07] INFO: Verificación de acceso exitosa
[2025-11-02 18:32:07] INFO: ✓ Acceso JWT exitoso - Usuario: jhonn1 (ID: 2) | Roles: [Administrador]
[2025-11-02 18:32:07] INFO: ✓ Acceso JWT exitoso - Usuario: jhonn1 (ID: 2) | Roles: [Administrador]
[2025-11-02 18:32:07] INFO: Verificación de acceso exitosa
[2025-11-02 18:32:07] ERROR: Archivo de logs no encontrado
[2025-11-02 18:32:07] ERROR: Error en 
[2025-11-02 18:32:07] INFO: ✓ Acceso JWT exitoso - Usuario: jhonn1 (ID: 2) | Roles: [Administrador]
[2025-11-02 18:32:07] INFO: ✓ Acceso JWT exitoso - Usuario: jhonn1 (ID: 2) | Roles: [Administrador]
[2025-11-02 18:32:07] INFO: Verificación de acceso exitosa
[2025-11-02 18:32:07] INFO: ✓ Acceso JWT exitoso - Usuario: jhonn1 (ID: 2) | Roles: [Administrador]
[2025-11-02 18:32:07] INFO: ✓ Acceso JWT exitoso - Usuario: jhonn1 (ID: 2) | Roles: [Administrador]
[2025-11-02 18:32:07] INFO: Verificación de acceso exitosa
[2025-11-02 18:32:08] INFO: ✓ Acceso JWT exitoso - Usuario: jhonn1 (ID: 2) | Roles: [Administrador]
[2025-11-02 18:32:08] INFO: ✓ Acceso JWT exitoso - Usuario: jhonn1 (ID: 2) | Roles: [Administrador]
[2025-11-02 18:32:08] INFO: Verificación de acceso exitosa
[2025-11-02 18:32:23] INFO: ✓ Acceso JWT exitoso - Usuario: superadmin (ID: 1) | Roles: [Administrador]
[2025-11-02 18:32:23] INFO: ✓ Acceso JWT exitoso - Usuario: superadmin (ID: 1) | Roles: [Administrador]
[2025-11-02 18:32:23] INFO: ✓ Acceso JWT exitoso - Usuario: superadmin (ID: 1) | Roles: [Administrador]
[2025-11-02 18:32:23] INFO: ✓ Acceso JWT exitoso - Usuario: superadmin (ID: 1) | Roles: [Administrador]
[2025-11-02 18:32:23] INFO: ✓ Acceso JWT exitoso - Usuario: superadmin (ID: 1) | Roles: [Administrador]
[2025-11-02 18:32:23] INFO: Verificación de acceso exitosa
[2025-11-02 18:32:23] INFO: ✓ Acceso JWT exitoso - Usuario: superadmin (ID: 1) | Roles: [Administrador]
[2025-11-02 18:32:23] INFO: Verificación de acceso exitosa
[2025-11-02 18:32:23] INFO: ✓ Acceso JWT exitoso - Usuario: superadmin (ID: 1) | Roles: [Administrador]
[2025-11-02 18:32:23] INFO: Verificación de acceso exitosa
[2025-11-02 18:32:23] ERROR: Archivo de logs no encontrado
[2025-11-02 18:32:23] ERROR: Error en 
[2025-11-02 18:32:23] INFO: ✓ Acceso JWT exitoso - Usuario: superadmin (ID: 1) | Roles: [Administrador]
[2025-11-02 18:32:23] INFO: Verificación de acceso exitosa
[2025-11-02 18:32:23] INFO: ✓ Acceso JWT exitoso - Usuario: superadmin (ID: 1) | Roles: [Administrador]
[2025-11-02 18:32:23] INFO: ✓ Acceso JWT exitoso - Usuario: superadmin (ID: 1) | Roles: [Administrador]
[2025-11-02 18:32:23] INFO: Verificación de acceso exitosa
[2025-11-02 18:32:23] INFO: ✓ Acceso JWT exitoso - Usuario: superadmin (ID: 1) | Roles: [Administrador]
[2025-11-02 18:32:23] ERROR: Archivo de logs no encontrado
[2025-11-02 18:32:23] ERROR: Error en 
[2025-11-02 18:32:23] INFO: ✓ Acceso JWT exitoso - Usuario: superadmin (ID: 1) | Roles: [Administrador]
[2025-11-02 18:32:23] INFO: ✓ Acceso JWT exitoso - Usuario: superadmin (ID: 1) | Roles: [Administrador]
[2025-11-02 18:32:23] INFO: Verificación de acceso exitosa
[2025-11-02 18:32:23] INFO: ✓ Acceso JWT exitoso - Usuario: superadmin (ID: 1) | Roles: [Administrador]
[2025-11-02 18:32:23] INFO: Verificación de acceso exitosa
[2025-11-02 18:32:23] INFO: ✓ Acceso JWT exitoso - Usuario: superadmin (ID: 1) | Roles: [Administrador]
[2025-11-02 18:32:23] INFO: ✓ Acceso JWT exitoso - Usuario: superadmin (ID: 1) | Roles: [Administrador]
[2025-11-02 18:32:23] INFO: Verificación de acceso exitosa
[2025-11-02 18:32:51] INFO: ✓ Acceso JWT exitoso - Usuario: superadmin (ID: 1) | Roles: [Administrador]
[2025-11-02 18:32:51] INFO: ✓ Acceso JWT exitoso - Usuario: superadmin (ID: 1) | Roles: [Administrador]
[2025-11-02 18:32:51] INFO: Verificación de acceso exitosa
[2025-11-02 18:32:51] ERROR: Error en 
[2025-11-02 18:34:42] INFO: ✓ Acceso JWT exitoso - Usuario: superadmin (ID: 1) | Roles: [Administrador]
[2025-11-02 18:34:42] INFO: ✓ Acceso JWT exitoso - Usuario: superadmin (ID: 1) | Roles: [Administrador]
[2025-11-02 18:34:42] INFO: Verificación de acceso exitosa
[2025-11-02 18:34:42] ERROR: Error en 
[2025-11-02 18:38:11] INFO: ✓ Acceso JWT exitoso - Usuario: superadmin (ID: 1) | Roles: [Administrador]
[2025-11-02 18:38:11] INFO: ✓ Acceso JWT exitoso - Usuario: superadmin (ID: 1) | Roles: [Administrador]
[2025-11-02 18:38:11] INFO: Verificación de acceso exitosa
[2025-11-02 18:38:11] INFO: [AUDIT] USER_CREATED
[2025-11-02 18:38:18] INFO: ✓ Acceso JWT exitoso - Usuario: superadmin (ID: 1) | Roles: [Administrador]
[2025-11-02 18:38:18] INFO: ✓ Acceso JWT exitoso - Usuario: superadmin (ID: 1) | Roles: [Administrador]
[2025-11-02 18:38:18] INFO: Verificación de acceso exitosa
[2025-11-02 18:38:28] INFO: ✓ Acceso JWT exitoso - Usuario: superadmin (ID: 1) | Roles: [Administrador]
[2025-11-02 18:38:28] INFO: ✓ Acceso JWT exitoso - Usuario: superadmin (ID: 1) | Roles: [Administrador]
[2025-11-02 18:38:28] INFO: Verificación de acceso exitosa
[2025-11-02 18:43:27] INFO: ✓ Acceso JWT exitoso - Usuario: superadmin (ID: 1) | Roles: [Administrador]
[2025-11-02 18:43:27] INFO: ✓ Acceso JWT exitoso - Usuario: superadmin (ID: 1) | Roles: [Administrador]
[2025-11-02 18:43:27] INFO: ✓ Acceso JWT exitoso - Usuario: superadmin (ID: 1) | Roles: [Administrador]
[2025-11-02 18:43:27] INFO: ✓ Acceso JWT exitoso - Usuario: superadmin (ID: 1) | Roles: [Administrador]
[2025-11-02 18:43:27] INFO: ✓ Acceso JWT exitoso - Usuario: superadmin (ID: 1) | Roles: [Administrador]
[2025-11-02 18:43:27] INFO: Verificación de acceso exitosa
[2025-11-02 18:43:27] INFO: ✓ Acceso JWT exitoso - Usuario: superadmin (ID: 1) | Roles: [Administrador]
[2025-11-02 18:43:27] INFO: Verificación de acceso exitosa
[2025-11-02 18:43:27] INFO: ✓ Acceso JWT exitoso - Usuario: superadmin (ID: 1) | Roles: [Administrador]
[2025-11-02 18:43:27] INFO: Verificación de acceso exitosa
[2025-11-02 18:43:27] INFO: ✓ Acceso JWT exitoso - Usuario: superadmin (ID: 1) | Roles: [Administrador]
[2025-11-02 18:43:27] INFO: Verificación de acceso exitosa
[2025-11-02 18:43:27] ERROR: Archivo de logs no encontrado
[2025-11-02 18:43:27] ERROR: Error en 
[2025-11-02 18:43:27] INFO: ✓ Acceso JWT exitoso - Usuario: superadmin (ID: 1) | Roles: [Administrador]
[2025-11-02 18:43:27] INFO: ✓ Acceso JWT exitoso - Usuario: superadmin (ID: 1) | Roles: [Administrador]
[2025-11-02 18:43:27] INFO: Verificación de acceso exitosa
[2025-11-02 18:43:27] ERROR: Archivo de logs no encontrado
[2025-11-02 18:43:27] ERROR: Error en 
[2025-11-02 18:43:27] INFO: ✓ Acceso JWT exitoso - Usuario: superadmin (ID: 1) | Roles: [Administrador]
[2025-11-02 18:43:27] INFO: ✓ Acceso JWT exitoso - Usuario: superadmin (ID: 1) | Roles: [Administrador]
[2025-11-02 18:43:27] INFO: Verificación de acceso exitosa
[2025-11-02 18:43:27] INFO: ✓ Acceso JWT exitoso - Usuario: superadmin (ID: 1) | Roles: [Administrador]
[2025-11-02 18:43:27] INFO: ✓ Acceso JWT exitoso - Usuario: superadmin (ID: 1) | Roles: [Administrador]
[2025-11-02 18:43:27] INFO: ✓ Acceso JWT exitoso - Usuario: superadmin (ID: 1) | Roles: [Administrador]
[2025-11-02 18:43:27] INFO: Verificación de acceso exitosa
[2025-11-02 18:43:27] INFO: ✓ Acceso JWT exitoso - Usuario: superadmin (ID: 1) | Roles: [Administrador]
[2025-11-02 18:43:27] INFO: Verificación de acceso exitosa
[2025-11-02 18:44:34] INFO: ✓ Acceso JWT exitoso - Usuario: superadmin (ID: 1) | Roles: [Administrador]
[2025-11-02 18:44:34] INFO: ✓ Acceso JWT exitoso - Usuario: superadmin (ID: 1) | Roles: [Administrador]
[2025-11-02 18:44:34] INFO: ✓ Acceso JWT exitoso - Usuario: superadmin (ID: 1) | Roles: [Administrador]
[2025-11-02 18:44:34] INFO: ✓ Acceso JWT exitoso - Usuario: superadmin (ID: 1) | Roles: [Administrador]
[2025-11-02 18:44:34] INFO: ✓ Acceso JWT exitoso - Usuario: superadmin (ID: 1) | Roles: [Administrador]
[2025-11-02 18:44:34] INFO: Verificación de acceso exitosa
[2025-11-02 18:44:34] INFO: ✓ Acceso JWT exitoso - Usuario: superadmin (ID: 1) | Roles: [Administrador]
[2025-11-02 18:44:34] INFO: Verificación de acceso exitosa
[2025-11-02 18:44:34] INFO: ✓ Acceso JWT exitoso - Usuario: superadmin (ID: 1) | Roles: [Administrador]
[2025-11-02 18:44:34] INFO: Verificación de acceso exitosa
[2025-11-02 18:44:34] INFO: ✓ Acceso JWT exitoso - Usuario: superadmin (ID: 1) | Roles: [Administrador]
[2025-11-02 18:44:34] INFO: Verificación de acceso exitosa
[2025-11-02 18:44:34] ERROR: Archivo de logs no encontrado
[2025-11-02 18:44:34] ERROR: Error en 
[2025-11-02 18:44:34] INFO: ✓ Acceso JWT exitoso - Usuario: superadmin (ID: 1) | Roles: [Administrador]
[2025-11-02 18:44:34] INFO: ✓ Acceso JWT exitoso - Usuario: superadmin (ID: 1) | Roles: [Administrador]
[2025-11-02 18:44:34] INFO: Verificación de acceso exitosa
[2025-11-02 18:44:34] INFO: ✓ Acceso JWT exitoso - Usuario: superadmin (ID: 1) | Roles: [Administrador]
[2025-11-02 18:44:34] ERROR: Archivo de logs no encontrado
[2025-11-02 18:44:34] ERROR: Error en 
[2025-11-02 18:44:34] INFO: ✓ Acceso JWT exitoso - Usuario: superadmin (ID: 1) | Roles: [Administrador]
[2025-11-02 18:44:34] INFO: ✓ Acceso JWT exitoso - Usuario: superadmin (ID: 1) | Roles: [Administrador]
[2025-11-02 18:44:34] INFO: Verificación de acceso exitosa
[2025-11-02 18:44:34] INFO: ✓ Acceso JWT exitoso - Usuario: superadmin (ID: 1) | Roles: [Administrador]
[2025-11-02 18:44:34] INFO: ✓ Acceso JWT exitoso - Usuario: superadmin (ID: 1) | Roles: [Administrador]
[2025-11-02 18:44:34] INFO: Verificación de acceso exitosa
[2025-11-02 18:44:34] INFO: ✓ Acceso JWT exitoso - Usuario: superadmin (ID: 1) | Roles: [Administrador]
[2025-11-02 18:44:34] INFO: Verificación de acceso exitosa
[2025-11-02 18:45:00] INFO: ✓ Acceso JWT exitoso - Usuario: superadmin (ID: 1) | Roles: [Administrador]
[2025-11-02 18:45:00] INFO: ✓ Acceso JWT exitoso - Usuario: superadmin (ID: 1) | Roles: [Administrador]
[2025-11-02 18:45:00] INFO: Verificación de acceso exitosa
[2025-11-02 18:45:00] INFO: [AUDIT] PASSWORD_RESET_BY_ADMIN
[2025-11-02 18:47:08] INFO: ✓ Acceso JWT exitoso - Usuario: ana garcia (ID: 3) | Roles: [Recepcionista]
[2025-11-02 18:47:08] INFO: ✓ Acceso JWT exitoso - Usuario: ana garcia (ID: 3) | Roles: [Recepcionista]
[2025-11-02 18:47:08] INFO: ✓ Acceso JWT exitoso - Usuario: ana garcia (ID: 3) | Roles: [Recepcionista]
[2025-11-02 18:47:08] INFO: ✓ Acceso JWT exitoso - Usuario: ana garcia (ID: 3) | Roles: [Recepcionista]
[2025-11-02 19:31:28] INFO: ✓ Acceso JWT exitoso - Usuario: ana garcia (ID: 3) | Roles: [Recepcionista]
[2025-11-02 19:31:28] INFO: ✓ Acceso JWT exitoso - Usuario: ana garcia (ID: 3) | Roles: [Recepcionista]
[2025-11-02 19:31:28] INFO: ✓ Acceso JWT exitoso - Usuario: ana garcia (ID: 3) | Roles: [Recepcionista]
[2025-11-02 19:31:28] INFO: ✓ Acceso JWT exitoso - Usuario: ana garcia (ID: 3) | Roles: [Recepcionista]
[2025-11-02 19:47:40] INFO: ✓ Acceso JWT exitoso - Usuario: superadmin (ID: 1) | Roles: [Administrador]
[2025-11-02 19:47:40] INFO: ✓ Acceso JWT exitoso - Usuario: superadmin (ID: 1) | Roles: [Administrador]
[2025-11-02 19:47:40] INFO: ✓ Acceso JWT exitoso - Usuario: superadmin (ID: 1) | Roles: [Administrador]
[2025-11-02 19:47:40] INFO: Verificación de acceso exitosa
[2025-11-02 19:47:40] INFO: ✓ Acceso JWT exitoso - Usuario: superadmin (ID: 1) | Roles: [Administrador]
[2025-11-02 19:47:40] INFO: ✓ Acceso JWT exitoso - Usuario: superadmin (ID: 1) | Roles: [Administrador]
[2025-11-02 19:47:40] INFO: Verificación de acceso exitosa
[2025-11-02 19:47:40] INFO: ✓ Acceso JWT exitoso - Usuario: superadmin (ID: 1) | Roles: [Administrador]
[2025-11-02 19:47:40] INFO: ✓ Acceso JWT exitoso - Usuario: superadmin (ID: 1) | Roles: [Administrador]
[2025-11-02 19:47:40] INFO: Verificación de acceso exitosa
[2025-11-02 19:47:40] INFO: ✓ Acceso JWT exitoso - Usuario: superadmin (ID: 1) | Roles: [Administrador]
[2025-11-02 19:47:40] INFO: Verificación de acceso exitosa
[2025-11-02 19:47:40] ERROR: Archivo de logs no encontrado
[2025-11-02 19:47:40] ERROR: Error en 
[2025-11-02 19:47:40] INFO: ✓ Acceso JWT exitoso - Usuario: superadmin (ID: 1) | Roles: [Administrador]
[2025-11-02 19:47:40] INFO: ✓ Acceso JWT exitoso - Usuario: superadmin (ID: 1) | Roles: [Administrador]
[2025-11-02 19:47:40] INFO: ✓ Acceso JWT exitoso - Usuario: superadmin (ID: 1) | Roles: [Administrador]
[2025-11-02 19:47:40] INFO: Verificación de acceso exitosa
[2025-11-02 19:47:40] INFO: ✓ Acceso JWT exitoso - Usuario: superadmin (ID: 1) | Roles: [Administrador]
[2025-11-02 19:47:40] INFO: Verificación de acceso exitosa
[2025-11-02 19:47:40] ERROR: Archivo de logs no encontrado
[2025-11-02 19:47:40] ERROR: Error en 
[2025-11-02 19:47:40] INFO: ✓ Acceso JWT exitoso - Usuario: superadmin (ID: 1) | Roles: [Administrador]
[2025-11-02 19:47:40] INFO: ✓ Acceso JWT exitoso - Usuario: superadmin (ID: 1) | Roles: [Administrador]
[2025-11-02 19:47:40] INFO: ✓ Acceso JWT exitoso - Usuario: superadmin (ID: 1) | Roles: [Administrador]
[2025-11-02 19:47:40] INFO: Verificación de acceso exitosa
[2025-11-02 19:47:40] INFO: ✓ Acceso JWT exitoso - Usuario: superadmin (ID: 1) | Roles: [Administrador]
[2025-11-02 19:47:40] INFO: Verificación de acceso exitosa
[2025-11-02 19:47:59] INFO: ✓ Acceso JWT exitoso - Usuario: superadmin (ID: 1) | Roles: [Administrador]
[2025-11-02 19:47:59] INFO: ✓ Acceso JWT exitoso - Usuario: superadmin (ID: 1) | Roles: [Administrador]
[2025-11-02 19:47:59] INFO: ✓ Acceso JWT exitoso - Usuario: superadmin (ID: 1) | Roles: [Administrador]
[2025-11-02 19:47:59] INFO: ✓ Acceso JWT exitoso - Usuario: superadmin (ID: 1) | Roles: [Administrador]
[2025-11-02 19:48:02] INFO: ✓ Acceso JWT exitoso - Usuario: superadmin (ID: 1) | Roles: [Administrador]
[2025-11-02 19:48:02] INFO: ✓ Acceso JWT exitoso - Usuario: superadmin (ID: 1) | Roles: [Administrador]
[2025-11-02 19:48:02] INFO: ✓ Acceso JWT exitoso - Usuario: superadmin (ID: 1) | Roles: [Administrador]
[2025-11-02 19:48:02] INFO: ✓ Acceso JWT exitoso - Usuario: superadmin (ID: 1) | Roles: [Administrador]
[2025-11-02 19:48:15] INFO: ✓ Acceso JWT exitoso - Usuario: ana garcia (ID: 3) | Roles: [Recepcionista]
[2025-11-02 19:48:15] INFO: ✓ Acceso JWT exitoso - Usuario: ana garcia (ID: 3) | Roles: [Recepcionista]
[2025-11-02 19:48:15] INFO: ✓ Acceso JWT exitoso - Usuario: ana garcia (ID: 3) | Roles: [Recepcionista]
[2025-11-02 19:48:15] INFO: ✓ Acceso JWT exitoso - Usuario: ana garcia (ID: 3) | Roles: [Recepcionista]
[2025-11-02 19:48:29] INFO: ✓ Acceso JWT exitoso - Usuario: superadmin (ID: 1) | Roles: [Administrador]
[2025-11-02 19:48:29] INFO: ✓ Acceso JWT exitoso - Usuario: superadmin (ID: 1) | Roles: [Administrador]
[2025-11-02 19:48:29] INFO: ✓ Acceso JWT exitoso - Usuario: superadmin (ID: 1) | Roles: [Administrador]
[2025-11-02 19:48:29] INFO: ✓ Acceso JWT exitoso - Usuario: superadmin (ID: 1) | Roles: [Administrador]
[2025-11-02 19:48:29] INFO: ✓ Acceso JWT exitoso - Usuario: superadmin (ID: 1) | Roles: [Administrador]
[2025-11-02 19:48:29] INFO: Verificación de acceso exitosa
[2025-11-02 19:48:29] INFO: ✓ Acceso JWT exitoso - Usuario: superadmin (ID: 1) | Roles: [Administrador]
[2025-11-02 19:48:29] INFO: Verificación de acceso exitosa
[2025-11-02 19:48:29] INFO: ✓ Acceso JWT exitoso - Usuario: superadmin (ID: 1) | Roles: [Administrador]
[2025-11-02 19:48:29] INFO: Verificación de acceso exitosa
[2025-11-02 19:48:29] INFO: ✓ Acceso JWT exitoso - Usuario: superadmin (ID: 1) | Roles: [Administrador]
[2025-11-02 19:48:29] INFO: Verificación de acceso exitosa
[2025-11-02 19:48:29] ERROR: Archivo de logs no encontrado
[2025-11-02 19:48:29] ERROR: Error en 
[2025-11-02 19:48:29] INFO: ✓ Acceso JWT exitoso - Usuario: superadmin (ID: 1) | Roles: [Administrador]
[2025-11-02 19:48:29] INFO: ✓ Acceso JWT exitoso - Usuario: superadmin (ID: 1) | Roles: [Administrador]
[2025-11-02 19:48:29] INFO: ✓ Acceso JWT exitoso - Usuario: superadmin (ID: 1) | Roles: [Administrador]
[2025-11-02 19:48:29] INFO: Verificación de acceso exitosa
[2025-11-02 19:48:29] ERROR: Archivo de logs no encontrado
[2025-11-02 19:48:29] ERROR: Error en 
[2025-11-02 19:48:29] INFO: ✓ Acceso JWT exitoso - Usuario: superadmin (ID: 1) | Roles: [Administrador]
[2025-11-02 19:48:29] INFO: ✓ Acceso JWT exitoso - Usuario: superadmin (ID: 1) | Roles: [Administrador]
[2025-11-02 19:48:29] INFO: Verificación de acceso exitosa
[2025-11-02 19:48:29] INFO: ✓ Acceso JWT exitoso - Usuario: superadmin (ID: 1) | Roles: [Administrador]
[2025-11-02 19:48:29] INFO: ✓ Acceso JWT exitoso - Usuario: superadmin (ID: 1) | Roles: [Administrador]
[2025-11-02 19:48:29] INFO: Verificación de acceso exitosa
[2025-11-02 19:48:29] INFO: ✓ Acceso JWT exitoso - Usuario: superadmin (ID: 1) | Roles: [Administrador]
[2025-11-02 19:48:29] INFO: Verificación de acceso exitosa
[2025-11-02 19:48:45] INFO: ✓ Acceso JWT exitoso - Usuario: superadmin (ID: 1) | Roles: [Administrador]
[2025-11-02 19:48:45] INFO: ✓ Acceso JWT exitoso - Usuario: superadmin (ID: 1) | Roles: [Administrador]
[2025-11-02 19:48:45] INFO: ✓ Acceso JWT exitoso - Usuario: superadmin (ID: 1) | Roles: [Administrador]
[2025-11-02 19:48:45] INFO: ✓ Acceso JWT exitoso - Usuario: superadmin (ID: 1) | Roles: [Administrador]
[2025-11-02 19:49:27] INFO: ✓ Acceso JWT exitoso - Usuario: superadmin (ID: 1) | Roles: [Administrador]
[2025-11-02 19:49:27] INFO: ✓ Acceso JWT exitoso - Usuario: superadmin (ID: 1) | Roles: [Administrador]
[2025-11-02 19:49:27] INFO: Verificación de acceso exitosa
[2025-11-02 19:57:42] INFO: ✓ Acceso JWT exitoso - Usuario: superadmin (ID: 1) | Roles: [Administrador]
[2025-11-02 19:57:42] INFO: ✓ Acceso JWT exitoso - Usuario: superadmin (ID: 1) | Roles: [Administrador]
[2025-11-02 19:57:42] INFO: ✓ Acceso JWT exitoso - Usuario: superadmin (ID: 1) | Roles: [Administrador]
[2025-11-02 19:57:42] INFO: ✓ Acceso JWT exitoso - Usuario: superadmin (ID: 1) | Roles: [Administrador]
[2025-11-02 20:10:59] INFO: ✓ Acceso JWT exitoso - Usuario: superadmin (ID: 1) | Roles: [Administrador]
[2025-11-02 20:10:59] INFO: ✓ Acceso JWT exitoso - Usuario: superadmin (ID: 1) | Roles: [Administrador]
[2025-11-02 20:10:59] INFO: Verificación de acceso exitosa
[2025-11-02 20:13:35] INFO: ✓ Acceso JWT exitoso - Usuario: ana garcia (ID: 3) | Roles: [Recepcionista]
[2025-11-02 20:13:35] INFO: ✓ Acceso JWT exitoso - Usuario: ana garcia (ID: 3) | Roles: [Recepcionista]
[2025-11-02 20:13:35] INFO: ✓ Acceso JWT exitoso - Usuario: ana garcia (ID: 3) | Roles: [Recepcionista]
[2025-11-02 20:13:35] INFO: ✓ Acceso JWT exitoso - Usuario: ana garcia (ID: 3) | Roles: [Recepcionista]
[2025-11-02 20:13:47] INFO: ✓ Acceso JWT exitoso - Usuario: ana garcia (ID: 3) | Roles: [Recepcionista]
[2025-11-02 20:13:47] INFO: ✓ Acceso JWT exitoso - Usuario: ana garcia (ID: 3) | Roles: [Recepcionista]
[2025-11-02 20:13:47] INFO: Verificación de acceso exitosa
[2025-11-02 20:14:39] INFO: ✓ Acceso JWT exitoso - Usuario: ana garcia (ID: 3) | Roles: [Recepcionista]
[2025-11-02 20:14:39] INFO: ✓ Acceso JWT exitoso - Usuario: ana garcia (ID: 3) | Roles: [Recepcionista]
[2025-11-02 20:14:39] INFO: Verificación de acceso exitosa
[2025-11-02 20:19:45] INFO: ✓ Acceso JWT exitoso - Usuario: ana garcia (ID: 3) | Roles: [Recepcionista]
[2025-11-02 20:19:45] INFO: ✓ Acceso JWT exitoso - Usuario: ana garcia (ID: 3) | Roles: [Recepcionista]
[2025-11-02 20:19:45] INFO: Verificación de acceso exitosa
[2025-11-02 20:21:24] INFO: ✓ Acceso JWT exitoso - Usuario: ana garcia (ID: 3) | Roles: [Recepcionista]
[2025-11-02 20:21:24] INFO: ✓ Acceso JWT exitoso - Usuario: ana garcia (ID: 3) | Roles: [Recepcionista]
[2025-11-02 20:21:24] INFO: Verificación de acceso exitosa
[2025-11-02 20:22:56] INFO: ✓ Acceso JWT exitoso - Usuario: ana garcia (ID: 3) | Roles: [Recepcionista]
[2025-11-02 20:22:56] INFO: ✓ Acceso JWT exitoso - Usuario: ana garcia (ID: 3) | Roles: [Recepcionista]
[2025-11-02 20:22:56] INFO: Verificación de acceso exitosa
[2025-11-02 20:23:48] INFO: ✓ Acceso JWT exitoso - Usuario: ana garcia (ID: 3) | Roles: [Recepcionista]
[2025-11-02 20:23:48] INFO: ✓ Acceso JWT exitoso - Usuario: ana garcia (ID: 3) | Roles: [Recepcionista]
[2025-11-02 20:23:48] INFO: Verificación de acceso exitosa
[2025-11-02 20:28:17] INFO: ✓ Acceso JWT exitoso - Usuario: ana garcia (ID: 3) | Roles: [Recepcionista]
[2025-11-02 20:28:17] INFO: ✓ Acceso JWT exitoso - Usuario: ana garcia (ID: 3) | Roles: [Recepcionista]
[2025-11-02 20:28:17] INFO: Verificación de acceso exitosa
[2025-11-02 20:30:41] INFO: ✓ Acceso JWT exitoso - Usuario: ana garcia (ID: 3) | Roles: [Recepcionista]
[2025-11-02 20:30:41] INFO: ✓ Acceso JWT exitoso - Usuario: ana garcia (ID: 3) | Roles: [Recepcionista]
[2025-11-02 20:30:41] INFO: Verificación de acceso exitosa
[2025-11-02 20:31:40] INFO: ✓ Acceso JWT exitoso - Usuario: ana garcia (ID: 3) | Roles: [Recepcionista]
[2025-11-02 20:31:40] INFO: ✓ Acceso JWT exitoso - Usuario: ana garcia (ID: 3) | Roles: [Recepcionista]
[2025-11-02 20:31:40] INFO: Verificación de acceso exitosa
[2025-11-02 20:32:39] INFO: ✓ Acceso JWT exitoso - Usuario: ana garcia (ID: 3) | Roles: [Recepcionista]
[2025-11-02 20:32:39] INFO: ✓ Acceso JWT exitoso - Usuario: ana garcia (ID: 3) | Roles: [Recepcionista]
[2025-11-02 20:32:39] INFO: Verificación de acceso exitosa
[2025-11-02 20:43:44] INFO: ✓ Acceso JWT exitoso - Usuario: ana garcia (ID: 3) | Roles: [Recepcionista]
[2025-11-02 20:43:44] INFO: ✓ Acceso JWT exitoso - Usuario: ana garcia (ID: 3) | Roles: [Recepcionista]
[2025-11-02 20:43:44] INFO: Verificación de acceso exitosa
[2025-11-02 20:46:11] INFO: ✓ Acceso JWT exitoso - Usuario: ana garcia (ID: 3) | Roles: [Recepcionista]
[2025-11-02 20:46:11] INFO: ✓ Acceso JWT exitoso - Usuario: ana garcia (ID: 3) | Roles: [Recepcionista]
[2025-11-02 20:46:11] INFO: Verificación de acceso exitosa
[2025-11-02 20:46:57] INFO: ✓ Acceso JWT exitoso - Usuario: ana garcia (ID: 3) | Roles: [Recepcionista]
[2025-11-02 20:46:57] INFO: ✓ Acceso JWT exitoso - Usuario: ana garcia (ID: 3) | Roles: [Recepcionista]
[2025-11-02 20:46:57] INFO: ✓ Acceso JWT exitoso - Usuario: ana garcia (ID: 3) | Roles: [Recepcionista]
[2025-11-02 20:46:57] INFO: ✓ Acceso JWT exitoso - Usuario: ana garcia (ID: 3) | Roles: [Recepcionista]
[2025-11-02 20:48:36] INFO: ✓ Acceso JWT exitoso - Usuario: ana garcia (ID: 3) | Roles: [Recepcionista]
[2025-11-02 20:48:36] INFO: ✓ Acceso JWT exitoso - Usuario: ana garcia (ID: 3) | Roles: [Recepcionista]
[2025-11-02 20:48:36] INFO: Verificación de acceso exitosa
[2025-11-02 20:48:49] INFO: ✓ Acceso JWT exitoso - Usuario: ana garcia (ID: 3) | Roles: [Recepcionista]
[2025-11-02 20:48:49] INFO: ✓ Acceso JWT exitoso - Usuario: ana garcia (ID: 3) | Roles: [Recepcionista]
[2025-11-02 20:48:49] INFO: Verificación de acceso exitosa
[2025-11-02 23:04:05] INFO: ✓ Acceso JWT exitoso - Usuario: ana garcia (ID: 3) | Roles: [Recepcionista]
[2025-11-02 23:04:05] INFO: ✓ Acceso JWT exitoso - Usuario: ana garcia (ID: 3) | Roles: [Recepcionista]
[2025-11-02 23:04:05] INFO: ✓ Acceso JWT exitoso - Usuario: ana garcia (ID: 3) | Roles: [Recepcionista]
[2025-11-02 23:04:05] INFO: Verificación de acceso exitosa
[2025-11-02 23:04:05] INFO: ✓ Acceso JWT exitoso - Usuario: ana garcia (ID: 3) | Roles: [Recepcionista]
[2025-11-02 23:04:05] INFO: ✓ Acceso JWT exitoso - Usuario: ana garcia (ID: 3) | Roles: [Recepcionista]
[2025-11-02 23:04:05] INFO: ✓ Acceso JWT exitoso - Usuario: ana garcia (ID: 3) | Roles: [Recepcionista]
[2025-11-02 23:04:05] INFO: ✓ Acceso JWT exitoso - Usuario: ana garcia (ID: 3) | Roles: [Recepcionista]
[2025-11-02 23:04:05] INFO: ✓ Acceso JWT exitoso - Usuario: ana garcia (ID: 3) | Roles: [Recepcionista]
[2025-11-02 23:04:05] INFO: Verificación de acceso exitosa
[2025-11-02 23:04:05] INFO: ✓ Acceso JWT exitoso - Usuario: ana garcia (ID: 3) | Roles: [Recepcionista]
[2025-11-02 23:04:05] INFO: ✓ Acceso JWT exitoso - Usuario: ana garcia (ID: 3) | Roles: [Recepcionista]
[2025-11-02 23:04:05] INFO: ✓ Acceso JWT exitoso - Usuario: ana garcia (ID: 3) | Roles: [Recepcionista]
[2025-11-02 23:04:05] INFO: ✓ Acceso JWT exitoso - Usuario: ana garcia (ID: 3) | Roles: [Recepcionista]
[2025-11-02 23:04:05] INFO: ✓ Acceso JWT exitoso - Usuario: ana garcia (ID: 3) | Roles: [Recepcionista]
[2025-11-02 23:04:05] INFO: ✓ Acceso JWT exitoso - Usuario: ana garcia (ID: 3) | Roles: [Recepcionista]
[2025-11-02 23:04:05] INFO: ✓ Acceso JWT exitoso - Usuario: ana garcia (ID: 3) | Roles: [Recepcionista]
[2025-11-02 23:04:05] INFO: ✓ Acceso JWT exitoso - Usuario: ana garcia (ID: 3) | Roles: [Recepcionista]
[2025-11-02 23:04:20] INFO: ✓ Acceso JWT exitoso - Usuario: ana garcia (ID: 3) | Roles: [Recepcionista]
[2025-11-02 23:04:20] INFO: ✓ Acceso JWT exitoso - Usuario: ana garcia (ID: 3) | Roles: [Recepcionista]
[2025-11-02 23:04:20] INFO: ✓ Acceso JWT exitoso - Usuario: ana garcia (ID: 3) | Roles: [Recepcionista]
[2025-11-02 23:04:20] INFO: ✓ Acceso JWT exitoso - Usuario: ana garcia (ID: 3) | Roles: [Recepcionista]
[2025-11-02 23:04:20] INFO: Verificación de acceso exitosa
[2025-11-02 23:04:20] INFO: ✓ Acceso JWT exitoso - Usuario: ana garcia (ID: 3) | Roles: [Recepcionista]
[2025-11-02 23:04:20] INFO: ✓ Acceso JWT exitoso - Usuario: ana garcia (ID: 3) | Roles: [Recepcionista]
[2025-11-02 23:04:20] INFO: ✓ Acceso JWT exitoso - Usuario: ana garcia (ID: 3) | Roles: [Recepcionista]
[2025-11-02 23:04:20] INFO: ✓ Acceso JWT exitoso - Usuario: ana garcia (ID: 3) | Roles: [Recepcionista]
[2025-11-02 23:04:20] INFO: Verificación de acceso exitosa
[2025-11-02 23:04:20] INFO: ✓ Acceso JWT exitoso - Usuario: ana garcia (ID: 3) | Roles: [Recepcionista]
[2025-11-02 23:04:20] INFO: ✓ Acceso JWT exitoso - Usuario: ana garcia (ID: 3) | Roles: [Recepcionista]
[2025-11-02 23:04:20] INFO: ✓ Acceso JWT exitoso - Usuario: ana garcia (ID: 3) | Roles: [Recepcionista]
[2025-11-02 23:04:20] INFO: ✓ Acceso JWT exitoso - Usuario: ana garcia (ID: 3) | Roles: [Recepcionista]
[2025-11-02 23:04:20] INFO: ✓ Acceso JWT exitoso - Usuario: ana garcia (ID: 3) | Roles: [Recepcionista]
[2025-11-02 23:04:20] INFO: ✓ Acceso JWT exitoso - Usuario: ana garcia (ID: 3) | Roles: [Recepcionista]
[2025-11-02 23:04:20] INFO: ✓ Acceso JWT exitoso - Usuario: ana garcia (ID: 3) | Roles: [Recepcionista]
[2025-11-02 23:04:20] INFO: ✓ Acceso JWT exitoso - Usuario: ana garcia (ID: 3) | Roles: [Recepcionista]
[2025-11-02 23:13:23] INFO: ✓ Acceso JWT exitoso - Usuario: ana garcia (ID: 3) | Roles: [Recepcionista]
[2025-11-02 23:13:23] INFO: ✓ Acceso JWT exitoso - Usuario: ana garcia (ID: 3) | Roles: [Recepcionista]
[2025-11-02 23:13:23] INFO: ✓ Acceso JWT exitoso - Usuario: ana garcia (ID: 3) | Roles: [Recepcionista]
[2025-11-02 23:13:23] INFO: ✓ Acceso JWT exitoso - Usuario: ana garcia (ID: 3) | Roles: [Recepcionista]
[2025-11-02 23:13:23] INFO: Verificación de acceso exitosa
[2025-11-02 23:13:23] INFO: ✓ Acceso JWT exitoso - Usuario: ana garcia (ID: 3) | Roles: [Recepcionista]
[2025-11-02 23:13:23] INFO: ✓ Acceso JWT exitoso - Usuario: ana garcia (ID: 3) | Roles: [Recepcionista]
[2025-11-02 23:13:23] INFO: ✓ Acceso JWT exitoso - Usuario: ana garcia (ID: 3) | Roles: [Recepcionista]
[2025-11-02 23:13:23] INFO: ✓ Acceso JWT exitoso - Usuario: ana garcia (ID: 3) | Roles: [Recepcionista]
[2025-11-02 23:13:23] INFO: Verificación de acceso exitosa
[2025-11-02 23:13:23] INFO: ✓ Acceso JWT exitoso - Usuario: ana garcia (ID: 3) | Roles: [Recepcionista]
[2025-11-02 23:13:23] INFO: ✓ Acceso JWT exitoso - Usuario: ana garcia (ID: 3) | Roles: [Recepcionista]
[2025-11-02 23:13:23] INFO: ✓ Acceso JWT exitoso - Usuario: ana garcia (ID: 3) | Roles: [Recepcionista]
[2025-11-02 23:13:23] INFO: ✓ Acceso JWT exitoso - Usuario: ana garcia (ID: 3) | Roles: [Recepcionista]
[2025-11-02 23:13:23] INFO: ✓ Acceso JWT exitoso - Usuario: ana garcia (ID: 3) | Roles: [Recepcionista]
[2025-11-02 23:13:23] INFO: ✓ Acceso JWT exitoso - Usuario: ana garcia (ID: 3) | Roles: [Recepcionista]
[2025-11-02 23:13:23] INFO: ✓ Acceso JWT exitoso - Usuario: ana garcia (ID: 3) | Roles: [Recepcionista]
[2025-11-02 23:13:23] INFO: ✓ Acceso JWT exitoso - Usuario: ana garcia (ID: 3) | Roles: [Recepcionista]
[2025-11-02 23:14:07] INFO: ✓ Acceso JWT exitoso - Usuario: ana garcia (ID: 3) | Roles: [Recepcionista]
[2025-11-02 23:14:07] INFO: ✓ Acceso JWT exitoso - Usuario: ana garcia (ID: 3) | Roles: [Recepcionista]
[2025-11-02 23:14:07] INFO: ✓ Acceso JWT exitoso - Usuario: ana garcia (ID: 3) | Roles: [Recepcionista]
[2025-11-02 23:14:07] INFO: Verificación de acceso exitosa
[2025-11-02 23:14:07] INFO: ✓ Acceso JWT exitoso - Usuario: ana garcia (ID: 3) | Roles: [Recepcionista]
[2025-11-02 23:14:07] INFO: ✓ Acceso JWT exitoso - Usuario: ana garcia (ID: 3) | Roles: [Recepcionista]
[2025-11-02 23:14:07] INFO: ✓ Acceso JWT exitoso - Usuario: ana garcia (ID: 3) | Roles: [Recepcionista]
[2025-11-02 23:14:07] INFO: ✓ Acceso JWT exitoso - Usuario: ana garcia (ID: 3) | Roles: [Recepcionista]
[2025-11-02 23:14:07] INFO: Verificación de acceso exitosa
[2025-11-02 23:14:07] INFO: ✓ Acceso JWT exitoso - Usuario: ana garcia (ID: 3) | Roles: [Recepcionista]
[2025-11-02 23:14:07] INFO: ✓ Acceso JWT exitoso - Usuario: ana garcia (ID: 3) | Roles: [Recepcionista]
[2025-11-02 23:14:07] INFO: ✓ Acceso JWT exitoso - Usuario: ana garcia (ID: 3) | Roles: [Recepcionista]
[2025-11-02 23:14:07] INFO: ✓ Acceso JWT exitoso - Usuario: ana garcia (ID: 3) | Roles: [Recepcionista]
[2025-11-02 23:14:07] INFO: ✓ Acceso JWT exitoso - Usuario: ana garcia (ID: 3) | Roles: [Recepcionista]
[2025-11-02 23:14:07] INFO: ✓ Acceso JWT exitoso - Usuario: ana garcia (ID: 3) | Roles: [Recepcionista]
[2025-11-02 23:14:07] INFO: ✓ Acceso JWT exitoso - Usuario: ana garcia (ID: 3) | Roles: [Recepcionista]
[2025-11-02 23:14:07] INFO: ✓ Acceso JWT exitoso - Usuario: ana garcia (ID: 3) | Roles: [Recepcionista]
[2025-11-02 23:14:07] INFO: ✓ Acceso JWT exitoso - Usuario: ana garcia (ID: 3) | Roles: [Recepcionista]
[2025-11-02 23:28:02] INFO: ✓ Acceso JWT exitoso - Usuario: ana garcia (ID: 3) | Roles: [Recepcionista]
[2025-11-02 23:28:02] INFO: ✓ Acceso JWT exitoso - Usuario: ana garcia (ID: 3) | Roles: [Recepcionista]
[2025-11-02 23:28:02] INFO: Verificación de acceso exitosa
[2025-11-02 23:28:25] INFO: ✓ Acceso JWT exitoso - Usuario: ana garcia (ID: 3) | Roles: [Recepcionista]
[2025-11-02 23:28:25] INFO: ✓ Acceso JWT exitoso - Usuario: ana garcia (ID: 3) | Roles: [Recepcionista]
[2025-11-02 23:28:25] INFO: Verificación de acceso exitosa
[2025-11-02 23:31:31] INFO: ✓ Acceso JWT exitoso - Usuario: ana garcia (ID: 3) | Roles: [Recepcionista]
[2025-11-02 23:31:31] INFO: ✓ Acceso JWT exitoso - Usuario: ana garcia (ID: 3) | Roles: [Recepcionista]
[2025-11-02 23:31:31] INFO: ✓ Acceso JWT exitoso - Usuario: ana garcia (ID: 3) | Roles: [Recepcionista]
[2025-11-02 23:31:31] INFO: ✓ Acceso JWT exitoso - Usuario: ana garcia (ID: 3) | Roles: [Recepcionista]
[2025-11-02 23:31:31] INFO: ✓ Acceso JWT exitoso - Usuario: ana garcia (ID: 3) | Roles: [Recepcionista]
[2025-11-02 23:31:31] INFO: Verificación de acceso exitosa
[2025-11-02 23:31:31] INFO: ✓ Acceso JWT exitoso - Usuario: ana garcia (ID: 3) | Roles: [Recepcionista]
[2025-11-02 23:31:31] INFO: ✓ Acceso JWT exitoso - Usuario: ana garcia (ID: 3) | Roles: [Recepcionista]
[2025-11-02 23:31:31] INFO: ✓ Acceso JWT exitoso - Usuario: ana garcia (ID: 3) | Roles: [Recepcionista]
[2025-11-02 23:31:31] INFO: ✓ Acceso JWT exitoso - Usuario: ana garcia (ID: 3) | Roles: [Recepcionista]
[2025-11-02 23:31:31] INFO: Verificación de acceso exitosa
[2025-11-02 23:31:31] INFO: ✓ Acceso JWT exitoso - Usuario: ana garcia (ID: 3) | Roles: [Recepcionista]
[2025-11-02 23:31:31] INFO: ✓ Acceso JWT exitoso - Usuario: ana garcia (ID: 3) | Roles: [Recepcionista]
[2025-11-02 23:31:31] INFO: ✓ Acceso JWT exitoso - Usuario: ana garcia (ID: 3) | Roles: [Recepcionista]
[2025-11-02 23:31:31] INFO: ✓ Acceso JWT exitoso - Usuario: ana garcia (ID: 3) | Roles: [Recepcionista]
[2025-11-02 23:31:31] INFO: ✓ Acceso JWT exitoso - Usuario: ana garcia (ID: 3) | Roles: [Recepcionista]
[2025-11-02 23:31:31] INFO: ✓ Acceso JWT exitoso - Usuario: ana garcia (ID: 3) | Roles: [Recepcionista]
[2025-11-02 23:31:31] INFO: ✓ Acceso JWT exitoso - Usuario: ana garcia (ID: 3) | Roles: [Recepcionista]
[2025-11-02 23:32:04] INFO: ✓ Acceso JWT exitoso - Usuario: ana garcia (ID: 3) | Roles: [Recepcionista]
[2025-11-02 23:32:04] INFO: ✓ Acceso JWT exitoso - Usuario: ana garcia (ID: 3) | Roles: [Recepcionista]
[2025-11-02 23:32:05] INFO: ✓ Acceso JWT exitoso - Usuario: ana garcia (ID: 3) | Roles: [Recepcionista]
[2025-11-02 23:32:05] INFO: ✓ Acceso JWT exitoso - Usuario: ana garcia (ID: 3) | Roles: [Recepcionista]
[2025-11-02 23:32:05] INFO: Verificación de acceso exitosa
[2025-11-02 23:32:05] INFO: ✓ Acceso JWT exitoso - Usuario: ana garcia (ID: 3) | Roles: [Recepcionista]
[2025-11-02 23:32:05] INFO: ✓ Acceso JWT exitoso - Usuario: ana garcia (ID: 3) | Roles: [Recepcionista]
[2025-11-02 23:32:05] INFO: ✓ Acceso JWT exitoso - Usuario: ana garcia (ID: 3) | Roles: [Recepcionista]
[2025-11-02 23:32:05] INFO: ✓ Acceso JWT exitoso - Usuario: ana garcia (ID: 3) | Roles: [Recepcionista]
[2025-11-02 23:32:05] INFO: Verificación de acceso exitosa
[2025-11-02 23:32:05] INFO: ✓ Acceso JWT exitoso - Usuario: ana garcia (ID: 3) | Roles: [Recepcionista]
[2025-11-02 23:32:05] INFO: ✓ Acceso JWT exitoso - Usuario: ana garcia (ID: 3) | Roles: [Recepcionista]
[2025-11-02 23:32:05] INFO: ✓ Acceso JWT exitoso - Usuario: ana garcia (ID: 3) | Roles: [Recepcionista]
[2025-11-02 23:32:05] INFO: ✓ Acceso JWT exitoso - Usuario: ana garcia (ID: 3) | Roles: [Recepcionista]
[2025-11-02 23:32:05] INFO: ✓ Acceso JWT exitoso - Usuario: ana garcia (ID: 3) | Roles: [Recepcionista]
[2025-11-02 23:32:05] INFO: ✓ Acceso JWT exitoso - Usuario: ana garcia (ID: 3) | Roles: [Recepcionista]
[2025-11-02 23:32:05] INFO: ✓ Acceso JWT exitoso - Usuario: ana garcia (ID: 3) | Roles: [Recepcionista]
[2025-11-02 23:32:05] INFO: ✓ Acceso JWT exitoso - Usuario: ana garcia (ID: 3) | Roles: [Recepcionista]
[2025-11-02 23:32:14] INFO: ✓ Acceso JWT exitoso - Usuario: ana garcia (ID: 3) | Roles: [Recepcionista]
[2025-11-02 23:32:14] INFO: ✓ Acceso JWT exitoso - Usuario: ana garcia (ID: 3) | Roles: [Recepcionista]
[2025-11-02 23:32:14] INFO: ✓ Acceso JWT exitoso - Usuario: ana garcia (ID: 3) | Roles: [Recepcionista]
[2025-11-02 23:32:14] INFO: ✓ Acceso JWT exitoso - Usuario: ana garcia (ID: 3) | Roles: [Recepcionista]
[2025-11-02 23:32:14] INFO: Verificación de acceso exitosa
[2025-11-02 23:32:14] INFO: ✓ Acceso JWT exitoso - Usuario: ana garcia (ID: 3) | Roles: [Recepcionista]
[2025-11-02 23:32:14] INFO: ✓ Acceso JWT exitoso - Usuario: ana garcia (ID: 3) | Roles: [Recepcionista]
[2025-11-02 23:32:14] INFO: ✓ Acceso JWT exitoso - Usuario: ana garcia (ID: 3) | Roles: [Recepcionista]
[2025-11-02 23:32:14] INFO: ✓ Acceso JWT exitoso - Usuario: ana garcia (ID: 3) | Roles: [Recepcionista]
[2025-11-02 23:32:14] INFO: Verificación de acceso exitosa
[2025-11-02 23:32:14] INFO: ✓ Acceso JWT exitoso - Usuario: ana garcia (ID: 3) | Roles: [Recepcionista]
[2025-11-02 23:32:14] INFO: ✓ Acceso JWT exitoso - Usuario: ana garcia (ID: 3) | Roles: [Recepcionista]
[2025-11-02 23:32:14] INFO: ✓ Acceso JWT exitoso - Usuario: ana garcia (ID: 3) | Roles: [Recepcionista]
[2025-11-02 23:32:14] INFO: ✓ Acceso JWT exitoso - Usuario: ana garcia (ID: 3) | Roles: [Recepcionista]
[2025-11-02 23:32:14] INFO: ✓ Acceso JWT exitoso - Usuario: ana garcia (ID: 3) | Roles: [Recepcionista]
[2025-11-02 23:32:14] INFO: ✓ Acceso JWT exitoso - Usuario: ana garcia (ID: 3) | Roles: [Recepcionista]
[2025-11-02 23:32:14] INFO: ✓ Acceso JWT exitoso - Usuario: ana garcia (ID: 3) | Roles: [Recepcionista]
[2025-11-02 23:32:14] INFO: ✓ Acceso JWT exitoso - Usuario: ana garcia (ID: 3) | Roles: [Recepcionista]
[2025-11-02 23:33:32] INFO: ✓ Acceso JWT exitoso - Usuario: ana garcia (ID: 3) | Roles: [Recepcionista]
[2025-11-02 23:33:32] INFO: ✓ Acceso JWT exitoso - Usuario: ana garcia (ID: 3) | Roles: [Recepcionista]
[2025-11-02 23:33:32] INFO: ✓ Acceso JWT exitoso - Usuario: ana garcia (ID: 3) | Roles: [Recepcionista]
[2025-11-02 23:33:32] INFO: Verificación de acceso exitosa
[2025-11-02 23:33:32] INFO: ✓ Acceso JWT exitoso - Usuario: ana garcia (ID: 3) | Roles: [Recepcionista]
[2025-11-02 23:33:32] INFO: ✓ Acceso JWT exitoso - Usuario: ana garcia (ID: 3) | Roles: [Recepcionista]
[2025-11-02 23:33:32] INFO: ✓ Acceso JWT exitoso - Usuario: ana garcia (ID: 3) | Roles: [Recepcionista]
[2025-11-02 23:33:32] INFO: ✓ Acceso JWT exitoso - Usuario: ana garcia (ID: 3) | Roles: [Recepcionista]
[2025-11-02 23:33:32] INFO: Verificación de acceso exitosa
[2025-11-02 23:33:32] INFO: ✓ Acceso JWT exitoso - Usuario: ana garcia (ID: 3) | Roles: [Recepcionista]
[2025-11-02 23:33:32] INFO: ✓ Acceso JWT exitoso - Usuario: ana garcia (ID: 3) | Roles: [Recepcionista]
[2025-11-02 23:33:32] INFO: ✓ Acceso JWT exitoso - Usuario: ana garcia (ID: 3) | Roles: [Recepcionista]
[2025-11-02 23:33:32] INFO: ✓ Acceso JWT exitoso - Usuario: ana garcia (ID: 3) | Roles: [Recepcionista]
[2025-11-02 23:33:32] INFO: ✓ Acceso JWT exitoso - Usuario: ana garcia (ID: 3) | Roles: [Recepcionista]
[2025-11-02 23:33:32] INFO: ✓ Acceso JWT exitoso - Usuario: ana garcia (ID: 3) | Roles: [Recepcionista]
[2025-11-02 23:33:32] INFO: ✓ Acceso JWT exitoso - Usuario: ana garcia (ID: 3) | Roles: [Recepcionista]
[2025-11-02 23:33:33] INFO: ✓ Acceso JWT exitoso - Usuario: ana garcia (ID: 3) | Roles: [Recepcionista]
[2025-11-02 23:33:33] INFO: ✓ Acceso JWT exitoso - Usuario: ana garcia (ID: 3) | Roles: [Recepcionista]
[2025-11-02 23:34:08] INFO: ✓ Acceso JWT exitoso - Usuario: ana garcia (ID: 3) | Roles: [Recepcionista]
[2025-11-02 23:34:08] INFO: ✓ Acceso JWT exitoso - Usuario: ana garcia (ID: 3) | Roles: [Recepcionista]
[2025-11-02 23:34:08] INFO: Verificación de acceso exitosa
[2025-11-02 23:38:10] INFO: ✓ Acceso JWT exitoso - Usuario: ana garcia (ID: 3) | Roles: [Recepcionista]
[2025-11-02 23:38:10] INFO: ✓ Acceso JWT exitoso - Usuario: ana garcia (ID: 3) | Roles: [Recepcionista]
[2025-11-02 23:38:10] INFO: ✓ Acceso JWT exitoso - Usuario: ana garcia (ID: 3) | Roles: [Recepcionista]
[2025-11-02 23:38:10] INFO: ✓ Acceso JWT exitoso - Usuario: ana garcia (ID: 3) | Roles: [Recepcionista]
[2025-11-02 23:38:10] INFO: Verificación de acceso exitosa
[2025-11-02 23:38:10] INFO: ✓ Acceso JWT exitoso - Usuario: ana garcia (ID: 3) | Roles: [Recepcionista]
[2025-11-02 23:38:10] INFO: ✓ Acceso JWT exitoso - Usuario: ana garcia (ID: 3) | Roles: [Recepcionista]
[2025-11-02 23:38:10] INFO: ✓ Acceso JWT exitoso - Usuario: ana garcia (ID: 3) | Roles: [Recepcionista]
[2025-11-02 23:38:10] INFO: ✓ Acceso JWT exitoso - Usuario: ana garcia (ID: 3) | Roles: [Recepcionista]
[2025-11-02 23:38:10] INFO: Verificación de acceso exitosa
[2025-11-02 23:38:10] INFO: ✓ Acceso JWT exitoso - Usuario: ana garcia (ID: 3) | Roles: [Recepcionista]
[2025-11-02 23:38:10] INFO: ✓ Acceso JWT exitoso - Usuario: ana garcia (ID: 3) | Roles: [Recepcionista]
[2025-11-02 23:38:10] INFO: ✓ Acceso JWT exitoso - Usuario: ana garcia (ID: 3) | Roles: [Recepcionista]
[2025-11-02 23:38:10] INFO: ✓ Acceso JWT exitoso - Usuario: ana garcia (ID: 3) | Roles: [Recepcionista]
[2025-11-02 23:38:10] INFO: ✓ Acceso JWT exitoso - Usuario: ana garcia (ID: 3) | Roles: [Recepcionista]
[2025-11-02 23:38:10] INFO: ✓ Acceso JWT exitoso - Usuario: ana garcia (ID: 3) | Roles: [Recepcionista]
[2025-11-02 23:38:10] INFO: ✓ Acceso JWT exitoso - Usuario: ana garcia (ID: 3) | Roles: [Recepcionista]
[2025-11-02 23:38:10] INFO: ✓ Acceso JWT exitoso - Usuario: ana garcia (ID: 3) | Roles: [Recepcionista]
[2025-11-02 23:38:16] INFO: ✓ Acceso JWT exitoso - Usuario: ana garcia (ID: 3) | Roles: [Recepcionista]
[2025-11-02 23:38:16] INFO: ✓ Acceso JWT exitoso - Usuario: ana garcia (ID: 3) | Roles: [Recepcionista]
[2025-11-02 23:38:16] INFO: ✓ Acceso JWT exitoso - Usuario: ana garcia (ID: 3) | Roles: [Recepcionista]
[2025-11-02 23:38:16] INFO: ✓ Acceso JWT exitoso - Usuario: ana garcia (ID: 3) | Roles: [Recepcionista]
[2025-11-02 23:38:16] INFO: Verificación de acceso exitosa
[2025-11-02 23:38:16] INFO: ✓ Acceso JWT exitoso - Usuario: ana garcia (ID: 3) | Roles: [Recepcionista]
[2025-11-02 23:38:16] INFO: ✓ Acceso JWT exitoso - Usuario: ana garcia (ID: 3) | Roles: [Recepcionista]
[2025-11-02 23:38:16] INFO: ✓ Acceso JWT exitoso - Usuario: ana garcia (ID: 3) | Roles: [Recepcionista]
[2025-11-02 23:38:16] INFO: ✓ Acceso JWT exitoso - Usuario: ana garcia (ID: 3) | Roles: [Recepcionista]
[2025-11-02 23:38:16] INFO: Verificación de acceso exitosa
[2025-11-02 23:38:16] INFO: ✓ Acceso JWT exitoso - Usuario: ana garcia (ID: 3) | Roles: [Recepcionista]
[2025-11-02 23:38:16] INFO: ✓ Acceso JWT exitoso - Usuario: ana garcia (ID: 3) | Roles: [Recepcionista]
[2025-11-02 23:38:16] INFO: ✓ Acceso JWT exitoso - Usuario: ana garcia (ID: 3) | Roles: [Recepcionista]
[2025-11-02 23:38:16] INFO: ✓ Acceso JWT exitoso - Usuario: ana garcia (ID: 3) | Roles: [Recepcionista]
[2025-11-02 23:38:16] INFO: ✓ Acceso JWT exitoso - Usuario: ana garcia (ID: 3) | Roles: [Recepcionista]
[2025-11-02 23:38:16] INFO: ✓ Acceso JWT exitoso - Usuario: ana garcia (ID: 3) | Roles: [Recepcionista]
[2025-11-02 23:38:16] INFO: ✓ Acceso JWT exitoso - Usuario: ana garcia (ID: 3) | Roles: [Recepcionista]
[2025-11-02 23:38:16] INFO: ✓ Acceso JWT exitoso - Usuario: ana garcia (ID: 3) | Roles: [Recepcionista]
[2025-11-02 23:43:12] INFO: ✓ Acceso JWT exitoso - Usuario: ana garcia (ID: 3) | Roles: [Recepcionista]
[2025-11-02 23:43:12] INFO: ✓ Acceso JWT exitoso - Usuario: ana garcia (ID: 3) | Roles: [Recepcionista]
[2025-11-02 23:43:12] INFO: ✓ Acceso JWT exitoso - Usuario: ana garcia (ID: 3) | Roles: [Recepcionista]
[2025-11-02 23:43:12] INFO: ✓ Acceso JWT exitoso - Usuario: ana garcia (ID: 3) | Roles: [Recepcionista]
[2025-11-02 23:43:12] INFO: Verificación de acceso exitosa
[2025-11-02 23:43:12] INFO: ✓ Acceso JWT exitoso - Usuario: ana garcia (ID: 3) | Roles: [Recepcionista]
[2025-11-02 23:43:12] INFO: ✓ Acceso JWT exitoso - Usuario: ana garcia (ID: 3) | Roles: [Recepcionista]
[2025-11-02 23:43:12] INFO: ✓ Acceso JWT exitoso - Usuario: ana garcia (ID: 3) | Roles: [Recepcionista]
[2025-11-02 23:43:12] INFO: ✓ Acceso JWT exitoso - Usuario: ana garcia (ID: 3) | Roles: [Recepcionista]
[2025-11-02 23:43:12] INFO: Verificación de acceso exitosa
[2025-11-02 23:43:12] INFO: ✓ Acceso JWT exitoso - Usuario: ana garcia (ID: 3) | Roles: [Recepcionista]
[2025-11-02 23:43:12] INFO: ✓ Acceso JWT exitoso - Usuario: ana garcia (ID: 3) | Roles: [Recepcionista]
[2025-11-02 23:43:12] INFO: ✓ Acceso JWT exitoso - Usuario: ana garcia (ID: 3) | Roles: [Recepcionista]
[2025-11-02 23:43:12] INFO: ✓ Acceso JWT exitoso - Usuario: ana garcia (ID: 3) | Roles: [Recepcionista]
[2025-11-02 23:43:34] INFO: ✓ Acceso JWT exitoso - Usuario: ana garcia (ID: 3) | Roles: [Recepcionista]
[2025-11-02 23:43:34] INFO: ✓ Acceso JWT exitoso - Usuario: ana garcia (ID: 3) | Roles: [Recepcionista]
[2025-11-02 23:43:34] INFO: Verificación de acceso exitosa
